../Core/Src/ssd1306.c:16:9:ssd1306_Init	8	static
../Core/Src/ssd1306.c:135:6:ssd1306_Fill	24	static
../Core/Src/ssd1306.c:149:6:ssd1306_UpdateScreen	16	static
../Core/Src/ssd1306.c:169:6:ssd1306_DrawPixel	16	static
../Core/Src/ssd1306.c:199:6:ssd1306_WriteChar	48	static
../Core/Src/ssd1306.c:257:6:ssd1306_TestAllCharacters	8	static
../Core/Src/ssd1306.c:324:6:ssd1306_TestIndividualChars	40	static
../Core/Src/ssd1306.c:363:6:ssd1306_TestFonts	8	static
../Core/Src/ssd1306.c:392:6:ssd1306_ContinuousTest	80	static
../Core/Src/ssd1306.c:445:6:ssd1306_WriteString	24	static
../Core/Src/ssd1306.c:463:6:ssd1306_SetCursor	16	static
../Core/Src/ssd1306.c:476:6:ssd1306_Line	48	static
../Core/Src/ssd1306.c:512:6:ssd1306_DrawRectangle	32	static
../Core/Src/ssd1306.c:527:6:ssd1306_DrawCircle	40	static
../Core/Src/ssd1306.c:571:6:ssd1306_DrawBitmap	24	static
../Core/Src/ssd1306.c:601:6:ssd1306_SetContrast	16	static
../Core/Src/ssd1306.c:612:6:ssd1306_SetDisplayOn	24	static
../Core/Src/ssd1306.c:632:9:ssd1306_GetDisplayOn	4	static
../Core/Src/ssd1306.c:642:6:ssd1306_InvertDisplay	16	static
../Core/Src/ssd1306.c:659:6:ssd1306_WriteCommand	32	static
../Core/Src/ssd1306.c:670:6:ssd1306_WriteData	32	static
../Core/Src/ssd1306.c:679:6:ssd1306_ON	8	static
../Core/Src/ssd1306.c:688:6:ssd1306_OFF	8	static
../Core/Src/ssd1306.c:699:6:ssd1306_ScrollRight	16	static
../Core/Src/ssd1306.c:716:6:ssd1306_ScrollLeft	16	static
../Core/Src/ssd1306.c:733:6:ssd1306_Scrolldiagright	16	static
../Core/Src/ssd1306.c:752:6:ssd1306_Scrolldiagleft	16	static
../Core/Src/ssd1306.c:769:6:ssd1306_Stopscroll	8	static
