Archive member included to satisfy reference by file (symbol)

C:/ST/STM32CubeIDE_1.18.1/STM32CubeIDE/plugins/com.st.stm32cube.ide.mcu.externaltools.gnu-tools-for-stm32.13.3.rel1.win32_1.0.0.202411081344/tools/bin/../lib/gcc/arm-none-eabi/13.3.1/../../../../arm-none-eabi/lib/thumb/v7e-m+fp/hard\libc_nano.a(libc_a-exit.o)
                              C:/ST/STM32CubeIDE_1.18.1/STM32CubeIDE/plugins/com.st.stm32cube.ide.mcu.externaltools.gnu-tools-for-stm32.13.3.rel1.win32_1.0.0.202411081344/tools/bin/../lib/gcc/arm-none-eabi/13.3.1/../../../../arm-none-eabi/lib/thumb/v7e-m+fp/hard/crt0.o (exit)
C:/ST/STM32CubeIDE_1.18.1/STM32CubeIDE/plugins/com.st.stm32cube.ide.mcu.externaltools.gnu-tools-for-stm32.13.3.rel1.win32_1.0.0.202411081344/tools/bin/../lib/gcc/arm-none-eabi/13.3.1/../../../../arm-none-eabi/lib/thumb/v7e-m+fp/hard\libc_nano.a(libc_a-nano-vfprintf_float.o)
                              (_printf_float)
C:/ST/STM32CubeIDE_1.18.1/STM32CubeIDE/plugins/com.st.stm32cube.ide.mcu.externaltools.gnu-tools-for-stm32.13.3.rel1.win32_1.0.0.202411081344/tools/bin/../lib/gcc/arm-none-eabi/13.3.1/../../../../arm-none-eabi/lib/thumb/v7e-m+fp/hard\libc_nano.a(libc_a-nano-vfprintf_i.o)
                              C:/ST/STM32CubeIDE_1.18.1/STM32CubeIDE/plugins/com.st.stm32cube.ide.mcu.externaltools.gnu-tools-for-stm32.13.3.rel1.win32_1.0.0.202411081344/tools/bin/../lib/gcc/arm-none-eabi/13.3.1/../../../../arm-none-eabi/lib/thumb/v7e-m+fp/hard\libc_nano.a(libc_a-nano-vfprintf_float.o) (_printf_common)
C:/ST/STM32CubeIDE_1.18.1/STM32CubeIDE/plugins/com.st.stm32cube.ide.mcu.externaltools.gnu-tools-for-stm32.13.3.rel1.win32_1.0.0.202411081344/tools/bin/../lib/gcc/arm-none-eabi/13.3.1/../../../../arm-none-eabi/lib/thumb/v7e-m+fp/hard\libc_nano.a(libc_a-findfp.o)
                              C:/ST/STM32CubeIDE_1.18.1/STM32CubeIDE/plugins/com.st.stm32cube.ide.mcu.externaltools.gnu-tools-for-stm32.13.3.rel1.win32_1.0.0.202411081344/tools/bin/../lib/gcc/arm-none-eabi/13.3.1/../../../../arm-none-eabi/lib/thumb/v7e-m+fp/hard\libc_nano.a(libc_a-exit.o) (__stdio_exit_handler)
C:/ST/STM32CubeIDE_1.18.1/STM32CubeIDE/plugins/com.st.stm32cube.ide.mcu.externaltools.gnu-tools-for-stm32.13.3.rel1.win32_1.0.0.202411081344/tools/bin/../lib/gcc/arm-none-eabi/13.3.1/../../../../arm-none-eabi/lib/thumb/v7e-m+fp/hard\libc_nano.a(libc_a-fwalk.o)
                              C:/ST/STM32CubeIDE_1.18.1/STM32CubeIDE/plugins/com.st.stm32cube.ide.mcu.externaltools.gnu-tools-for-stm32.13.3.rel1.win32_1.0.0.202411081344/tools/bin/../lib/gcc/arm-none-eabi/13.3.1/../../../../arm-none-eabi/lib/thumb/v7e-m+fp/hard\libc_nano.a(libc_a-findfp.o) (_fwalk_sglue)
C:/ST/STM32CubeIDE_1.18.1/STM32CubeIDE/plugins/com.st.stm32cube.ide.mcu.externaltools.gnu-tools-for-stm32.13.3.rel1.win32_1.0.0.202411081344/tools/bin/../lib/gcc/arm-none-eabi/13.3.1/../../../../arm-none-eabi/lib/thumb/v7e-m+fp/hard\libc_nano.a(libc_a-printf.o)
                              ./Core/Src/ACS712.o (printf)
C:/ST/STM32CubeIDE_1.18.1/STM32CubeIDE/plugins/com.st.stm32cube.ide.mcu.externaltools.gnu-tools-for-stm32.13.3.rel1.win32_1.0.0.202411081344/tools/bin/../lib/gcc/arm-none-eabi/13.3.1/../../../../arm-none-eabi/lib/thumb/v7e-m+fp/hard\libc_nano.a(libc_a-puts.o)
                              ./Core/Src/current_monitor.o (puts)
C:/ST/STM32CubeIDE_1.18.1/STM32CubeIDE/plugins/com.st.stm32cube.ide.mcu.externaltools.gnu-tools-for-stm32.13.3.rel1.win32_1.0.0.202411081344/tools/bin/../lib/gcc/arm-none-eabi/13.3.1/../../../../arm-none-eabi/lib/thumb/v7e-m+fp/hard\libc_nano.a(libc_a-snprintf.o)
                              ./Core/Src/ssd1306_tests.o (snprintf)
C:/ST/STM32CubeIDE_1.18.1/STM32CubeIDE/plugins/com.st.stm32cube.ide.mcu.externaltools.gnu-tools-for-stm32.13.3.rel1.win32_1.0.0.202411081344/tools/bin/../lib/gcc/arm-none-eabi/13.3.1/../../../../arm-none-eabi/lib/thumb/v7e-m+fp/hard\libc_nano.a(libc_a-sprintf.o)
                              ./Core/Src/current_monitor.o (sprintf)
C:/ST/STM32CubeIDE_1.18.1/STM32CubeIDE/plugins/com.st.stm32cube.ide.mcu.externaltools.gnu-tools-for-stm32.13.3.rel1.win32_1.0.0.202411081344/tools/bin/../lib/gcc/arm-none-eabi/13.3.1/../../../../arm-none-eabi/lib/thumb/v7e-m+fp/hard\libc_nano.a(libc_a-stdio.o)
                              C:/ST/STM32CubeIDE_1.18.1/STM32CubeIDE/plugins/com.st.stm32cube.ide.mcu.externaltools.gnu-tools-for-stm32.13.3.rel1.win32_1.0.0.202411081344/tools/bin/../lib/gcc/arm-none-eabi/13.3.1/../../../../arm-none-eabi/lib/thumb/v7e-m+fp/hard\libc_nano.a(libc_a-findfp.o) (__sread)
C:/ST/STM32CubeIDE_1.18.1/STM32CubeIDE/plugins/com.st.stm32cube.ide.mcu.externaltools.gnu-tools-for-stm32.13.3.rel1.win32_1.0.0.202411081344/tools/bin/../lib/gcc/arm-none-eabi/13.3.1/../../../../arm-none-eabi/lib/thumb/v7e-m+fp/hard\libc_nano.a(libc_a-wbuf.o)
[...]
Memory Configuration

Name             Origin             Length             Attributes
RAM              0x20000000         0x00020000         xrw
FLASH            0x08008000         0x00078000         xr
*default*        0x00000000         0xffffffff

Linker script and memory map

LOAD C:/ST/STM32CubeIDE_1.18.1/STM32CubeIDE/plugins/com.st.stm32cube.ide.mcu.externaltools.gnu-tools-for-stm32.13.3.rel1.win32_1.0.0.202411081344/tools/bin/../lib/gcc/arm-none-eabi/13.3.1/thumb/v7e-m+fp/hard/crti.o
LOAD C:/ST/STM32CubeIDE_1.18.1/STM32CubeIDE/plugins/com.st.stm32cube.ide.mcu.externaltools.gnu-tools-for-stm32.13.3.rel1.win32_1.0.0.202411081344/tools/bin/../lib/gcc/arm-none-eabi/13.3.1/thumb/v7e-m+fp/hard/crtbegin.o
LOAD C:/ST/STM32CubeIDE_1.18.1/STM32CubeIDE/plugins/com.st.stm32cube.ide.mcu.externaltools.gnu-tools-for-stm32.13.3.rel1.win32_1.0.0.202411081344/tools/bin/../lib/gcc/arm-none-eabi/13.3.1/../../../../arm-none-eabi/lib/thumb/v7e-m+fp/hard/crt0.o
LOAD ./Core/Src/ACS712.o
LOAD ./Core/Src/adc.o
LOAD ./Core/Src/current_monitor.o
LOAD ./Core/Src/dma.o
LOAD ./Core/Src/gpio.o
LOAD ./Core/Src/handpiece.o
LOAD ./Core/Src/i2c.o
LOAD ./Core/Src/main.o
LOAD ./Core/Src/ssd1306.o
LOAD ./Core/Src/ssd1306_fonts.o
LOAD ./Core/Src/ssd1306_tests.o
LOAD ./Core/Src/stm32f4xx_hal_msp.o
LOAD ./Core/Src/stm32f4xx_it.o
LOAD ./Core/Src/syscalls.o
LOAD ./Core/Src/sysmem.o
LOAD ./Core/Src/system_stm32f4xx.o
LOAD ./Core/Src/tim.o
LOAD ./Core/Src/usart.o
LOAD ./Core/Startup/startup_stm32f411vetx.o
LOAD ./Drivers/STM32F4xx_HAL_Driver/Src/stm32f4xx_hal.o
LOAD ./Drivers/STM32F4xx_HAL_Driver/Src/stm32f4xx_hal_adc.o
LOAD ./Drivers/STM32F4xx_HAL_Driver/Src/stm32f4xx_hal_adc_ex.o
LOAD ./Drivers/STM32F4xx_HAL_Driver/Src/stm32f4xx_hal_cortex.o
LOAD ./Drivers/STM32F4xx_HAL_Driver/Src/stm32f4xx_hal_dma.o
LOAD ./Drivers/STM32F4xx_HAL_Driver/Src/stm32f4xx_hal_dma_ex.o
LOAD ./Drivers/STM32F4xx_HAL_Driver/Src/stm32f4xx_hal_exti.o
LOAD ./Drivers/STM32F4xx_HAL_Driver/Src/stm32f4xx_hal_flash.o
LOAD ./Drivers/STM32F4xx_HAL_Driver/Src/stm32f4xx_hal_flash_ex.o
LOAD ./Drivers/STM32F4xx_HAL_Driver/Src/stm32f4xx_hal_flash_ramfunc.o
LOAD ./Drivers/STM32F4xx_HAL_Driver/Src/stm32f4xx_hal_gpio.o
LOAD ./Drivers/STM32F4xx_HAL_Driver/Src/stm32f4xx_hal_i2c.o
LOAD ./Drivers/STM32F4xx_HAL_Driver/Src/stm32f4xx_hal_i2c_ex.o
LOAD ./Drivers/STM32F4xx_HAL_Driver/Src/stm32f4xx_hal_pcd.o
LOAD ./Drivers/STM32F4xx_HAL_Driver/Src/stm32f4xx_hal_pcd_ex.o
LOAD ./Drivers/STM32F4xx_HAL_Driver/Src/stm32f4xx_hal_pwr.o
LOAD ./Drivers/STM32F4xx_HAL_Driver/Src/stm32f4xx_hal_pwr_ex.o
LOAD ./Drivers/STM32F4xx_HAL_Driver/Src/stm32f4xx_hal_rcc.o
LOAD ./Drivers/STM32F4xx_HAL_Driver/Src/stm32f4xx_hal_rcc_ex.o
LOAD ./Drivers/STM32F4xx_HAL_Driver/Src/stm32f4xx_hal_tim.o
LOAD ./Drivers/STM32F4xx_HAL_Driver/Src/stm32f4xx_hal_tim_ex.o
LOAD ./Drivers/STM32F4xx_HAL_Driver/Src/stm32f4xx_hal_uart.o
LOAD ./Drivers/STM32F4xx_HAL_Driver/Src/stm32f4xx_ll_adc.o
LOAD ./Drivers/STM32F4xx_HAL_Driver/Src/stm32f4xx_ll_usb.o
LOAD ./Middlewares/ST/STM32_USB_Device_Library/Class/HID/Src/usbd_hid.o
LOAD ./Middlewares/ST/STM32_USB_Device_Library/Core/Src/usbd_core.o
LOAD ./Middlewares/ST/STM32_USB_Device_Library/Core/Src/usbd_ctlreq.o
LOAD ./Middlewares/ST/STM32_USB_Device_Library/Core/Src/usbd_ioreq.o
LOAD ./USB_DEVICE/App/usb_device.o
LOAD ./USB_DEVICE/App/usbd_desc.o
LOAD ./USB_DEVICE/Target/usbd_conf.o
START GROUP
LOAD C:/ST/STM32CubeIDE_1.18.1/STM32CubeIDE/plugins/com.st.stm32cube.ide.mcu.externaltools.gnu-tools-for-stm32.13.3.rel1.win32_1.0.0.202411081344/tools/bin/../lib/gcc/arm-none-eabi/13.3.1/../../../../arm-none-eabi/lib/thumb/v7e-m+fp/hard\libc_nano.a
LOAD C:/ST/STM32CubeIDE_1.18.1/STM32CubeIDE/plugins/com.st.stm32cube.ide.mcu.externaltools.gnu-tools-for-stm32.13.3.rel1.win32_1.0.0.202411081344/tools/bin/../lib/gcc/arm-none-eabi/13.3.1/../../../../arm-none-eabi/lib/thumb/v7e-m+fp/hard\libm.a
END GROUP
START GROUP
LOAD C:/ST/STM32CubeIDE_1.18.1/STM32CubeIDE/plugins/com.st.stm32cube.ide.mcu.externaltools.gnu-tools-for-stm32.13.3.rel1.win32_1.0.0.202411081344/tools/bin/../lib/gcc/arm-none-eabi/13.3.1/thumb/v7e-m+fp/hard\libgcc.a
LOAD C:/ST/STM32CubeIDE_1.18.1/STM32CubeIDE/plugins/com.st.stm32cube.ide.mcu.externaltools.gnu-tools-for-stm32.13.3.rel1.win32_1.0.0.202411081344/tools/bin/../lib/gcc/arm-none-eabi/13.3.1/../../../../arm-none-eabi/lib/thumb/v7e-m+fp/hard\libc_nano.a
END GROUP
START GROUP
LOAD C:/ST/STM32CubeIDE_1.18.1/STM32CubeIDE/plugins/com.st.stm32cube.ide.mcu.externaltools.gnu-tools-for-stm32.13.3.rel1.win32_1.0.0.202411081344/tools/bin/../lib/gcc/arm-none-eabi/13.3.1/thumb/v7e-m+fp/hard\libgcc.a
LOAD C:/ST/STM32CubeIDE_1.18.1/STM32CubeIDE/plugins/com.st.stm32cube.ide.mcu.externaltools.gnu-tools-for-stm32.13.3.rel1.win32_1.0.0.202411081344/tools/bin/../lib/gcc/arm-none-eabi/13.3.1/../../../../arm-none-eabi/lib/thumb/v7e-m+fp/hard\libc_nano.a
LOAD C:/ST/STM32CubeIDE_1.18.1/STM32CubeIDE/plugins/com.st.stm32cube.ide.mcu.externaltools.gnu-tools-for-stm32.13.3.rel1.win32_1.0.0.202411081344/tools/bin/../lib/gcc/arm-none-eabi/13.3.1/../../../../arm-none-eabi/lib/thumb/v7e-m+fp/hard\libnosys.a
END GROUP
START GROUP
LOAD C:/ST/STM32CubeIDE_1.18.1/STM32CubeIDE/plugins/com.st.stm32cube.ide.mcu.externaltools.gnu-tools-for-stm32.13.3.rel1.win32_1.0.0.202411081344/tools/bin/../lib/gcc/arm-none-eabi/13.3.1/thumb/v7e-m+fp/hard\libgcc.a
LOAD C:/ST/STM32CubeIDE_1.18.1/STM32CubeIDE/plugins/com.st.stm32cube.ide.mcu.externaltools.gnu-tools-for-stm32.13.3.rel1.win32_1.0.0.202411081344/tools/bin/../lib/gcc/arm-none-eabi/13.3.1/../../../../arm-none-eabi/lib/thumb/v7e-m+fp/hard\libc_nano.a
LOAD C:/ST/STM32CubeIDE_1.18.1/STM32CubeIDE/plugins/com.st.stm32cube.ide.mcu.externaltools.gnu-tools-for-stm32.13.3.rel1.win32_1.0.0.202411081344/tools/bin/../lib/gcc/arm-none-eabi/13.3.1/../../../../arm-none-eabi/lib/thumb/v7e-m+fp/hard\libnosys.a
END GROUP
LOAD C:/ST/STM32CubeIDE_1.18.1/STM32CubeIDE/plugins/com.st.stm32cube.ide.mcu.externaltools.gnu-tools-for-stm32.13.3.rel1.win32_1.0.0.202411081344/tools/bin/../lib/gcc/arm-none-eabi/13.3.1/thumb/v7e-m+fp/hard/crtend.o
LOAD C:/ST/STM32CubeIDE_1.18.1/STM32CubeIDE/plugins/com.st.stm32cube.ide.mcu.externaltools.gnu-tools-for-stm32.13.3.rel1.win32_1.0.0.202411081344/tools/bin/../lib/gcc/arm-none-eabi/13.3.1/thumb/v7e-m+fp/hard/crtn.o
                0x20020000                        _estack = (ORIGIN (RAM) + LENGTH (RAM))
                0x00000200                        _Min_Heap_Size = 0x200
                0x00000400                        _Min_Stack_Size = 0x400

.isr_vector     0x08008000      0x198
                0x08008000                        . = ALIGN (0x4)
 *(.isr_vector)
 .isr_vector    0x08008000      0x198 ./Core/Startup/startup_stm32f411vetx.o
                0x08008000                g_pfnVectors
                0x08008198                        . = ALIGN (0x4)

.text           0x080081a0     0xe818
                0x080081a0                        . = ALIGN (0x4)
 *(.text)
 .text          0x080081a0       0x40 C:/ST/STM32CubeIDE_1.18.1/STM32CubeIDE/plugins/com.st.stm32cube.ide.mcu.externaltools.gnu-tools-for-stm32.13.3.rel1.win32_1.0.0.202411081344/tools/bin/../lib/gcc/arm-none-eabi/13.3.1/thumb/v7e-m+fp/hard/crtbegin.o
 .text          0x080081e0       0xa0 C:/ST/STM32CubeIDE_1.18.1/STM32CubeIDE/plugins/com.st.stm32cube.ide.mcu.externaltools.gnu-tools-for-stm32.13.3.rel1.win32_1.0.0.202411081344/tools/bin/../lib/gcc/arm-none-eabi/13.3.1/../../../../arm-none-eabi/lib/thumb/v7e-m+fp/hard\libc_nano.a(libc_a-memchr.o)
                0x080081e0                memchr
 .text          0x08008280       0x10 C:/ST/STM32CubeIDE_1.18.1/STM32CubeIDE/plugins/com.st.stm32cube.ide.mcu.externaltools.gnu-tools-for-stm32.13.3.rel1.win32_1.0.0.202411081344/tools/bin/../lib/gcc/arm-none-eabi/13.3.1/../../../../arm-none-eabi/lib/thumb/v7e-m+fp/hard\libc_nano.a(libc_a-strlen.o)
                0x08008280                strlen
 .text          0x08008290      0x378 C:/ST/STM32CubeIDE_1.18.1/STM32CubeIDE/plugins/com.st.stm32cube.ide.mcu.externaltools.gnu-tools-for-stm32.13.3.rel1.win32_1.0.0.202411081344/tools/bin/../lib/gcc/arm-none-eabi/13.3.1/thumb/v7e-m+fp/hard\libgcc.a(_arm_addsubdf3.o)
                0x08008290                __aeabi_drsub
                0x08008298                __aeabi_dsub
                0x08008298                __subdf3
                0x0800829c                __aeabi_dadd
                0x0800829c                __adddf3
                0x08008514                __floatunsidf
                0x08008514                __aeabi_ui2d
                0x08008534                __floatsidf
                0x08008534                __aeabi_i2d
                0x08008558                __aeabi_f2d
                0x08008558                __extendsfdf2
                0x0800859c                __floatundidf
                0x0800859c                __aeabi_ul2d
                0x080085ac                __floatdidf
                0x080085ac                __aeabi_l2d
 .text          0x08008608      0x424 C:/ST/STM32CubeIDE_1.18.1/STM32CubeIDE/plugins/com.st.stm32cube.ide.mcu.externaltools.gnu-tools-for-stm32.13.3.rel1.win32_1.0.0.202411081344/tools/bin/../lib/gcc/arm-none-eabi/13.3.1/thumb/v7e-m+fp/hard\libgcc.a(_arm_muldivdf3.o)
                0x08008608                __aeabi_dmul
                0x08008608                __muldf3
                0x0800885c                __divdf3
                0x0800885c                __aeabi_ddiv
 .text          0x08008a2c      0x110 C:/ST/STM32CubeIDE_1.18.1/STM32CubeIDE/plugins/com.st.stm32cube.ide.mcu.externaltools.gnu-tools-for-stm32.13.3.rel1.win32_1.0.0.202411081344/tools/bin/../lib/gcc/arm-none-eabi/13.3.1/thumb/v7e-m+fp/hard\libgcc.a(_arm_cmpdf2.o)
                0x08008a2c                __gtdf2
                0x08008a2c                __gedf2
                0x08008a34                __ltdf2
                0x08008a34                __ledf2
                0x08008a3c                __nedf2
                0x08008a3c                __eqdf2
                0x08008a3c                __cmpdf2
                0x08008ab8                __aeabi_cdrcmple
                0x08008ac8                __aeabi_cdcmpeq
                0x08008ac8                __aeabi_cdcmple
                0x08008ad8                __aeabi_dcmpeq
                0x08008aec                __aeabi_dcmplt
                0x08008b00                __aeabi_dcmple
                0x08008b14                __aeabi_dcmpge
                0x08008b28                __aeabi_dcmpgt
 .text          0x08008b3c       0x2c C:/ST/STM32CubeIDE_1.18.1/STM32CubeIDE/plugins/com.st.stm32cube.ide.mcu.externaltools.gnu-tools-for-stm32.13.3.rel1.win32_1.0.0.202411081344/tools/bin/../lib/gcc/arm-none-eabi/13.3.1/thumb/v7e-m+fp/hard\libgcc.a(_arm_unorddf2.o)
                0x08008b3c                __unorddf2
                0x08008b3c                __aeabi_dcmpun
 .text          0x08008b68       0x50 C:/ST/STM32CubeIDE_1.18.1/STM32CubeIDE/plugins/com.st.stm32cube.ide.mcu.externaltools.gnu-tools-for-stm32.13.3.rel1.win32_1.0.0.202411081344/tools/bin/../lib/gcc/arm-none-eabi/13.3.1/thumb/v7e-m+fp/hard\libgcc.a(_arm_fixdfsi.o)
                0x08008b68                __aeabi_d2iz
                0x08008b68                __fixdfsi
 .text          0x08008bb8       0xa0 C:/ST/STM32CubeIDE_1.18.1/STM32CubeIDE/plugins/com.st.stm32cube.ide.mcu.externaltools.gnu-tools-for-stm32.13.3.rel1.win32_1.0.0.202411081344/tools/bin/../lib/gcc/arm-none-eabi/13.3.1/thumb/v7e-m+fp/hard\libgcc.a(_arm_truncdfsf2.o)
                0x08008bb8                __truncdfsf2
                0x08008bb8                __aeabi_d2f
 .text          0x08008c58       0x30 C:/ST/STM32CubeIDE_1.18.1/STM32CubeIDE/plugins/com.st.stm32cube.ide.mcu.externaltools.gnu-tools-for-stm32.13.3.rel1.win32_1.0.0.202411081344/tools/bin/../lib/gcc/arm-none-eabi/13.3.1/thumb/v7e-m+fp/hard\libgcc.a(_aeabi_uldivmod.o)
                0x08008c58                __aeabi_uldivmod
 .text          0x08008c88      0x2f8 C:/ST/STM32CubeIDE_1.18.1/STM32CubeIDE/plugins/com.st.stm32cube.ide.mcu.externaltools.gnu-tools-for-stm32.13.3.rel1.win32_1.0.0.202411081344/tools/bin/../lib/gcc/arm-none-eabi/13.3.1/thumb/v7e-m+fp/hard\libgcc.a(_udivmoddi4.o)
                0x08008c88                __udivmoddi4
 .text          0x08008f80        0x4 C:/ST/STM32CubeIDE_1.18.1/STM32CubeIDE/plugins/com.st.stm32cube.ide.mcu.externaltools.gnu-tools-for-stm32.13.3.rel1.win32_1.0.0.202411081344/tools/bin/../lib/gcc/arm-none-eabi/13.3.1/thumb/v7e-m+fp/hard\libgcc.a(_dvmd_tls.o)
                0x08008f80                __aeabi_idiv0
                0x08008f80                __aeabi_ldiv0
 *(.text*)
 .text.ACS712_Init
                0x08008f84       0x6c ./Core/Src/ACS712.o
                0x08008f84                ACS712_Init
 .text.ACS712_Calibrate
                0x08008ff0       0x8c ./Core/Src/ACS712.o
                0x08008ff0                ACS712_Calibrate
 .text.ACS712_ReadCurrent
                0x0800907c       0x70 ./Core/Src/ACS712.o
                0x0800907c                ACS712_ReadCurrent
 .text.ACS712_InitStats
                0x080090ec       0x40 ./Core/Src/ACS712.o
                0x080090ec                ACS712_InitStats
 .text.ACS712_ResetStats
                0x0800912c       0x16 ./Core/Src/ACS712.o
                0x0800912c                ACS712_ResetStats
 .text.ACS712_ReadADC
                0x08009142       0x40 ./Core/Src/ACS712.o
 *fill*         0x08009182        0x2 
 .text.ACS712_ResetRMSBuffer
                0x08009184       0x4c ./Core/Src/ACS712.o
                0x08009184                ACS712_ResetRMSBuffer
 .text.MX_ADC1_Init
                0x080091d0       0xa4 ./Core/Src/adc.o
                0x080091d0                MX_ADC1_Init
 .text.HAL_ADC_MspInit
                0x08009274       0xf0 ./Core/Src/adc.o
                0x08009274                HAL_ADC_MspInit
 .text.CurrentMonitor_Init
                0x08009364       0x80 ./Core/Src/current_monitor.o
                0x08009364                CurrentMonitor_Init
 .text.CurrentMonitor_ResetStats
                0x080093e4       0x68 ./Core/Src/current_monitor.o
                0x080093e4                CurrentMonitor_ResetStats
 .text.CurrentMonitor_ResetMovingAverage
                0x0800944c       0x44 ./Core/Src/current_monitor.o
                0x0800944c                CurrentMonitor_ResetMovingAverage
 .text.CurrentMonitor_ManualCalibration
                0x08009490      0x1c8 ./Core/Src/current_monitor.o
                0x08009490                CurrentMonitor_ManualCalibration
 .text.CurrentMonitor_MovingAverage
                0x08009658       0xa0 ./Core/Src/current_monitor.o
                0x08009658                CurrentMonitor_MovingAverage
 .text.CurrentMonitor_TestFilters
                0x080096f8      0x408 ./Core/Src/current_monitor.o
                0x080096f8                CurrentMonitor_TestFilters
 .text.MX_DMA_Init
                0x08009b00       0x40 ./Core/Src/dma.o
                0x08009b00                MX_DMA_Init
 .text.MX_GPIO_Init
                0x08009b40      0x19c ./Core/Src/gpio.o
                0x08009b40                MX_GPIO_Init
 .text.ADC_Filter_Init
                0x08009cdc       0x98 ./Core/Src/handpiece.o
                0x08009cdc                ADC_Filter_Init
 .text.ADC_MovingAverage
                0x08009d74       0xb8 ./Core/Src/handpiece.o
                0x08009d74                ADC_MovingAverage
 .text.Kalman_Init
                0x08009e2c       0x48 ./Core/Src/handpiece.o
                0x08009e2c                Kalman_Init
 .text.Kalman_Update
                0x08009e74       0xa2 ./Core/Src/handpiece.o
                0x08009e74                Kalman_Update
 *fill*         0x08009f16        0x2 
 .text.ADC_KalmanFilter
                0x08009f18       0x8c ./Core/Src/handpiece.o
                0x08009f18                ADC_KalmanFilter
 .text.ADC_Process_All_Filters
                0x08009fa4       0x58 ./Core/Src/handpiece.o
                0x08009fa4                ADC_Process_All_Filters
 .text.Kalman_Set_Parameters
                0x08009ffc       0x54 ./Core/Src/handpiece.o
                0x08009ffc                Kalman_Set_Parameters
 .text.MX_I2C1_Init
                0x0800a050       0x5c ./Core/Src/i2c.o
                0x0800a050                MX_I2C1_Init
 .text.HAL_I2C_MspInit
                0x0800a0ac       0x90 ./Core/Src/i2c.o
                0x0800a0ac                HAL_I2C_MspInit
 .text._write   0x0800a13c       0x28 ./Core/Src/main.o
                0x0800a13c                _write
 .text.main     0x0800a164      0x214 ./Core/Src/main.o
                0x0800a164                main
 .text.SystemClock_Config
                0x0800a378       0xd4 ./Core/Src/main.o
                0x0800a378                SystemClock_Config
 .text.Error_Handler
                0x0800a44c        0xc ./Core/Src/main.o
                0x0800a44c                Error_Handler
 .text.ssd1306_Reset
                0x0800a458        0xe ./Core/Src/ssd1306.o
                0x0800a458                ssd1306_Reset
 *fill*         0x0800a466        0x2 
 .text.ssd1306_WriteCommand
                0x0800a468       0x30 ./Core/Src/ssd1306.o
                0x0800a468                ssd1306_WriteCommand
 .text.ssd1306_WriteData
                0x0800a498       0x34 ./Core/Src/ssd1306.o
                0x0800a498                ssd1306_WriteData
 .text.ssd1306_Init
                0x0800a4cc       0xd4 ./Core/Src/ssd1306.o
                0x0800a4cc                ssd1306_Init
 .text.ssd1306_Fill
                0x0800a5a0       0x30 ./Core/Src/ssd1306.o
                0x0800a5a0                ssd1306_Fill
 .text.ssd1306_UpdateScreen
                0x0800a5d0       0x50 ./Core/Src/ssd1306.o
                0x0800a5d0                ssd1306_UpdateScreen
 .text.ssd1306_DrawPixel
                0x0800a620       0xa8 ./Core/Src/ssd1306.o
                0x0800a620                ssd1306_DrawPixel
 .text.ssd1306_WriteChar
                0x0800a6c8      0x124 ./Core/Src/ssd1306.o
                0x0800a6c8                ssd1306_WriteChar
 .text.ssd1306_WriteString
                0x0800a7ec       0x4c ./Core/Src/ssd1306.o
                0x0800a7ec                ssd1306_WriteString
 .text.ssd1306_SetCursor
                0x0800a838       0x30 ./Core/Src/ssd1306.o
                0x0800a838                ssd1306_SetCursor
 .text.ssd1306_SetContrast
                0x0800a868       0x26 ./Core/Src/ssd1306.o
                0x0800a868                ssd1306_SetContrast
 *fill*         0x0800a88e        0x2 
 .text.ssd1306_SetDisplayOn
                0x0800a890       0x3c ./Core/Src/ssd1306.o
                0x0800a890                ssd1306_SetDisplayOn
 .text.HAL_MspInit
                0x0800a8cc       0x50 ./Core/Src/stm32f4xx_hal_msp.o
                0x0800a8cc                HAL_MspInit
 .text.NMI_Handler
                0x0800a91c        0x8 ./Core/Src/stm32f4xx_it.o
                0x0800a91c                NMI_Handler
 .text.HardFault_Handler
                0x0800a924        0x8 ./Core/Src/stm32f4xx_it.o
                0x0800a924                HardFault_Handler
 .text.MemManage_Handler
                0x0800a92c        0x8 ./Core/Src/stm32f4xx_it.o
                0x0800a92c                MemManage_Handler
 .text.BusFault_Handler
                0x0800a934        0x8 ./Core/Src/stm32f4xx_it.o
                0x0800a934                BusFault_Handler
 .text.UsageFault_Handler
                0x0800a93c        0x8 ./Core/Src/stm32f4xx_it.o
                0x0800a93c                UsageFault_Handler
 .text.SVC_Handler
                0x0800a944        0xe ./Core/Src/stm32f4xx_it.o
                0x0800a944                SVC_Handler
 .text.DebugMon_Handler
                0x0800a952        0xe ./Core/Src/stm32f4xx_it.o
                0x0800a952                DebugMon_Handler
 .text.PendSV_Handler
                0x0800a960        0xe ./Core/Src/stm32f4xx_it.o
                0x0800a960                PendSV_Handler
 .text.SysTick_Handler
                0x0800a96e        0xc ./Core/Src/stm32f4xx_it.o
                0x0800a96e                SysTick_Handler
 *fill*         0x0800a97a        0x2 
 .text.TIM4_IRQHandler
                0x0800a97c       0x14 ./Core/Src/stm32f4xx_it.o
                0x0800a97c                TIM4_IRQHandler
 .text.DMA2_Stream0_IRQHandler
                0x0800a990       0x14 ./Core/Src/stm32f4xx_it.o
                0x0800a990                DMA2_Stream0_IRQHandler
 .text.OTG_FS_IRQHandler
                0x0800a9a4       0x14 ./Core/Src/stm32f4xx_it.o
                0x0800a9a4                OTG_FS_IRQHandler
 .text._getpid  0x0800a9b8       0x10 ./Core/Src/syscalls.o
                0x0800a9b8                _getpid
 .text._kill    0x0800a9c8       0x20 ./Core/Src/syscalls.o
                0x0800a9c8                _kill
 .text._exit    0x0800a9e8       0x16 ./Core/Src/syscalls.o
                0x0800a9e8                _exit
 .text._read    0x0800a9fe       0x3a ./Core/Src/syscalls.o
                0x0800a9fe                _read
 .text._close   0x0800aa38       0x18 ./Core/Src/syscalls.o
                0x0800aa38                _close
 .text._fstat   0x0800aa50       0x20 ./Core/Src/syscalls.o
                0x0800aa50                _fstat
 .text._isatty  0x0800aa70       0x16 ./Core/Src/syscalls.o
                0x0800aa70                _isatty
 .text._lseek   0x0800aa86       0x1a ./Core/Src/syscalls.o
                0x0800aa86                _lseek
 .text._sbrk    0x0800aaa0       0x6c ./Core/Src/sysmem.o
                0x0800aaa0                _sbrk
 .text.SystemInit
                0x0800ab0c       0x24 ./Core/Src/system_stm32f4xx.o
                0x0800ab0c                SystemInit
 .text.MX_TIM1_Init
                0x0800ab30      0x144 ./Core/Src/tim.o
                0x0800ab30                MX_TIM1_Init
 .text.MX_TIM4_Init
                0x0800ac74       0x9c ./Core/Src/tim.o
                0x0800ac74                MX_TIM4_Init
 .text.HAL_TIM_Base_MspInit
                0x0800ad10       0x7c ./Core/Src/tim.o
                0x0800ad10                HAL_TIM_Base_MspInit
 .text.HAL_TIM_MspPostInit
                0x0800ad8c       0x74 ./Core/Src/tim.o
                0x0800ad8c                HAL_TIM_MspPostInit
 .text.MX_USART2_UART_Init
                0x0800ae00       0x54 ./Core/Src/usart.o
                0x0800ae00                MX_USART2_UART_Init
 .text.MX_USART6_UART_Init
                0x0800ae54       0x54 ./Core/Src/usart.o
                0x0800ae54                MX_USART6_UART_Init
 .text.HAL_UART_MspInit
                0x0800aea8       0xfc ./Core/Src/usart.o
                0x0800aea8                HAL_UART_MspInit
 .text.Reset_Handler
                0x0800afa4       0x50 ./Core/Startup/startup_stm32f411vetx.o
                0x0800afa4                Reset_Handler
 .text.Default_Handler
                0x0800aff4        0x2 ./Core/Startup/startup_stm32f411vetx.o
                0x0800aff4                RTC_Alarm_IRQHandler
                0x0800aff4                EXTI2_IRQHandler
                0x0800aff4                SPI4_IRQHandler
                0x0800aff4                TIM1_CC_IRQHandler
                0x0800aff4                DMA2_Stream5_IRQHandler
                0x0800aff4                DMA1_Stream5_IRQHandler
                0x0800aff4                PVD_IRQHandler
                0x0800aff4                SDIO_IRQHandler
                0x0800aff4                TAMP_STAMP_IRQHandler
                0x0800aff4                EXTI3_IRQHandler
                0x0800aff4                TIM1_UP_TIM10_IRQHandler
                0x0800aff4                I2C3_ER_IRQHandler
                0x0800aff4                EXTI0_IRQHandler
                0x0800aff4                I2C2_EV_IRQHandler
                0x0800aff4                DMA1_Stream2_IRQHandler
                0x0800aff4                FPU_IRQHandler
                0x0800aff4                DMA2_Stream2_IRQHandler
                0x0800aff4                SPI1_IRQHandler
                0x0800aff4                TIM1_BRK_TIM9_IRQHandler
                0x0800aff4                DMA2_Stream3_IRQHandler
                0x0800aff4                USART6_IRQHandler
                0x0800aff4                I2C1_EV_IRQHandler
                0x0800aff4                DMA1_Stream6_IRQHandler
                0x0800aff4                DMA1_Stream1_IRQHandler
                0x0800aff4                TIM3_IRQHandler
                0x0800aff4                RCC_IRQHandler
                0x0800aff4                Default_Handler
                0x0800aff4                EXTI15_10_IRQHandler
                0x0800aff4                ADC_IRQHandler
                0x0800aff4                DMA1_Stream7_IRQHandler
                0x0800aff4                SPI5_IRQHandler
                0x0800aff4                TIM5_IRQHandler
                0x0800aff4                DMA2_Stream7_IRQHandler
                0x0800aff4                I2C3_EV_IRQHandler
                0x0800aff4                EXTI9_5_IRQHandler
                0x0800aff4                RTC_WKUP_IRQHandler
                0x0800aff4                SPI2_IRQHandler
                0x0800aff4                DMA1_Stream0_IRQHandler
                0x0800aff4                EXTI4_IRQHandler
                0x0800aff4                WWDG_IRQHandler
                0x0800aff4                TIM2_IRQHandler
                0x0800aff4                OTG_FS_WKUP_IRQHandler
                0x0800aff4                TIM1_TRG_COM_TIM11_IRQHandler
                0x0800aff4                EXTI1_IRQHandler
                0x0800aff4                USART2_IRQHandler
                0x0800aff4                I2C2_ER_IRQHandler
                0x0800aff4                DMA2_Stream1_IRQHandler
                0x0800aff4                FLASH_IRQHandler
                0x0800aff4                DMA2_Stream4_IRQHandler
                0x0800aff4                USART1_IRQHandler
                0x0800aff4                SPI3_IRQHandler
                0x0800aff4                DMA1_Stream4_IRQHandler
                0x0800aff4                I2C1_ER_IRQHandler
                0x0800aff4                DMA2_Stream6_IRQHandler
                0x0800aff4                DMA1_Stream3_IRQHandler
 *fill*         0x0800aff6        0x2 
 .text.HAL_Init
                0x0800aff8       0x44 ./Drivers/STM32F4xx_HAL_Driver/Src/stm32f4xx_hal.o
                0x0800aff8                HAL_Init
 .text.HAL_InitTick
                0x0800b03c       0x60 ./Drivers/STM32F4xx_HAL_Driver/Src/stm32f4xx_hal.o
                0x0800b03c                HAL_InitTick
 .text.HAL_IncTick
                0x0800b09c       0x28 ./Drivers/STM32F4xx_HAL_Driver/Src/stm32f4xx_hal.o
                0x0800b09c                HAL_IncTick
 .text.HAL_GetTick
                0x0800b0c4       0x18 ./Drivers/STM32F4xx_HAL_Driver/Src/stm32f4xx_hal.o
                0x0800b0c4                HAL_GetTick
 .text.HAL_Delay
                0x0800b0dc       0x48 ./Drivers/STM32F4xx_HAL_Driver/Src/stm32f4xx_hal.o
                0x0800b0dc                HAL_Delay
 .text.HAL_ADC_Init
                0x0800b124       0x86 ./Drivers/STM32F4xx_HAL_Driver/Src/stm32f4xx_hal_adc.o
                0x0800b124                HAL_ADC_Init
 *fill*         0x0800b1aa        0x2 
 .text.HAL_ADC_Start
                0x0800b1ac      0x168 ./Drivers/STM32F4xx_HAL_Driver/Src/stm32f4xx_hal_adc.o
                0x0800b1ac                HAL_ADC_Start
 .text.HAL_ADC_Stop
                0x0800b314       0x66 ./Drivers/STM32F4xx_HAL_Driver/Src/stm32f4xx_hal_adc.o
                0x0800b314                HAL_ADC_Stop
 .text.HAL_ADC_PollForConversion
                0x0800b37a      0x116 ./Drivers/STM32F4xx_HAL_Driver/Src/stm32f4xx_hal_adc.o
                0x0800b37a                HAL_ADC_PollForConversion
 .text.HAL_ADC_GetValue
                0x0800b490       0x1a ./Drivers/STM32F4xx_HAL_Driver/Src/stm32f4xx_hal_adc.o
                0x0800b490                HAL_ADC_GetValue
 *fill*         0x0800b4aa        0x2 
 .text.HAL_ADC_ConfigChannel
                0x0800b4ac      0x264 ./Drivers/STM32F4xx_HAL_Driver/Src/stm32f4xx_hal_adc.o
                0x0800b4ac                HAL_ADC_ConfigChannel
 .text.ADC_Init
                0x0800b710      0x1f8 ./Drivers/STM32F4xx_HAL_Driver/Src/stm32f4xx_hal_adc.o
 .text.__NVIC_SetPriorityGrouping
                0x0800b908       0x48 ./Drivers/STM32F4xx_HAL_Driver/Src/stm32f4xx_hal_cortex.o
 .text.__NVIC_GetPriorityGrouping
                0x0800b950       0x1c ./Drivers/STM32F4xx_HAL_Driver/Src/stm32f4xx_hal_cortex.o
 .text.__NVIC_EnableIRQ
                0x0800b96c       0x3c ./Drivers/STM32F4xx_HAL_Driver/Src/stm32f4xx_hal_cortex.o
 .text.__NVIC_SetPriority
                0x0800b9a8       0x54 ./Drivers/STM32F4xx_HAL_Driver/Src/stm32f4xx_hal_cortex.o
 .text.NVIC_EncodePriority
                0x0800b9fc       0x66 ./Drivers/STM32F4xx_HAL_Driver/Src/stm32f4xx_hal_cortex.o
 *fill*         0x0800ba62        0x2 
 .text.SysTick_Config
                0x0800ba64       0x44 ./Drivers/STM32F4xx_HAL_Driver/Src/stm32f4xx_hal_cortex.o
 .text.HAL_NVIC_SetPriorityGrouping
                0x0800baa8       0x16 ./Drivers/STM32F4xx_HAL_Driver/Src/stm32f4xx_hal_cortex.o
                0x0800baa8                HAL_NVIC_SetPriorityGrouping
 .text.HAL_NVIC_SetPriority
                0x0800babe       0x38 ./Drivers/STM32F4xx_HAL_Driver/Src/stm32f4xx_hal_cortex.o
                0x0800babe                HAL_NVIC_SetPriority
 .text.HAL_NVIC_EnableIRQ
                0x0800baf6       0x1c ./Drivers/STM32F4xx_HAL_Driver/Src/stm32f4xx_hal_cortex.o
                0x0800baf6                HAL_NVIC_EnableIRQ
 .text.HAL_SYSTICK_Config
                0x0800bb12       0x18 ./Drivers/STM32F4xx_HAL_Driver/Src/stm32f4xx_hal_cortex.o
                0x0800bb12                HAL_SYSTICK_Config
 *fill*         0x0800bb2a        0x2 
 .text.HAL_DMA_Init
                0x0800bb2c      0x15c ./Drivers/STM32F4xx_HAL_Driver/Src/stm32f4xx_hal_dma.o
                0x0800bb2c                HAL_DMA_Init
 .text.HAL_DMA_IRQHandler
                0x0800bc88      0x314 ./Drivers/STM32F4xx_HAL_Driver/Src/stm32f4xx_hal_dma.o
                0x0800bc88                HAL_DMA_IRQHandler
 .text.DMA_CalcBaseAndBitshift
                0x0800bf9c       0x6c ./Drivers/STM32F4xx_HAL_Driver/Src/stm32f4xx_hal_dma.o
 .text.DMA_CheckFifoParam
                0x0800c008       0xf8 ./Drivers/STM32F4xx_HAL_Driver/Src/stm32f4xx_hal_dma.o
 .text.HAL_GPIO_Init
                0x0800c100      0x308 ./Drivers/STM32F4xx_HAL_Driver/Src/stm32f4xx_hal_gpio.o
                0x0800c100                HAL_GPIO_Init
 .text.HAL_GPIO_WritePin
                0x0800c408       0x32 ./Drivers/STM32F4xx_HAL_Driver/Src/stm32f4xx_hal_gpio.o
                0x0800c408                HAL_GPIO_WritePin
 *fill*         0x0800c43a        0x2 
 .text.HAL_I2C_Init
                0x0800c43c      0x288 ./Drivers/STM32F4xx_HAL_Driver/Src/stm32f4xx_hal_i2c.o
                0x0800c43c                HAL_I2C_Init
 .text.HAL_I2C_Mem_Write
                0x0800c6c4      0x1f4 ./Drivers/STM32F4xx_HAL_Driver/Src/stm32f4xx_hal_i2c.o
                0x0800c6c4                HAL_I2C_Mem_Write
 .text.I2C_RequestMemoryWrite
                0x0800c8b8      0x12c ./Drivers/STM32F4xx_HAL_Driver/Src/stm32f4xx_hal_i2c.o
 .text.I2C_WaitOnFlagUntilTimeout
                0x0800c9e4       0xf4 ./Drivers/STM32F4xx_HAL_Driver/Src/stm32f4xx_hal_i2c.o
 .text.I2C_WaitOnMasterAddressFlagUntilTimeout
                0x0800cad8      0x140 ./Drivers/STM32F4xx_HAL_Driver/Src/stm32f4xx_hal_i2c.o
 .text.I2C_WaitOnTXEFlagUntilTimeout
                0x0800cc18       0x90 ./Drivers/STM32F4xx_HAL_Driver/Src/stm32f4xx_hal_i2c.o
 .text.I2C_WaitOnBTFFlagUntilTimeout
                0x0800cca8       0x90 ./Drivers/STM32F4xx_HAL_Driver/Src/stm32f4xx_hal_i2c.o
 .text.I2C_IsAcknowledgeFailed
                0x0800cd38       0x5e ./Drivers/STM32F4xx_HAL_Driver/Src/stm32f4xx_hal_i2c.o
 .text.HAL_PCD_Init
                0x0800cd96      0x21e ./Drivers/STM32F4xx_HAL_Driver/Src/stm32f4xx_hal_pcd.o
                0x0800cd96                HAL_PCD_Init
 .text.HAL_PCD_Start
                0x0800cfb4       0x6a ./Drivers/STM32F4xx_HAL_Driver/Src/stm32f4xx_hal_pcd.o
                0x0800cfb4                HAL_PCD_Start
 .text.HAL_PCD_IRQHandler
                0x0800d01e      0x942 ./Drivers/STM32F4xx_HAL_Driver/Src/stm32f4xx_hal_pcd.o
                0x0800d01e                HAL_PCD_IRQHandler
 .text.HAL_PCD_SetAddress
                0x0800d960       0x48 ./Drivers/STM32F4xx_HAL_Driver/Src/stm32f4xx_hal_pcd.o
                0x0800d960                HAL_PCD_SetAddress
 .text.HAL_PCD_EP_Open
                0x0800d9a8       0xd4 ./Drivers/STM32F4xx_HAL_Driver/Src/stm32f4xx_hal_pcd.o
                0x0800d9a8                HAL_PCD_EP_Open
 .text.HAL_PCD_EP_Close
                0x0800da7c       0x94 ./Drivers/STM32F4xx_HAL_Driver/Src/stm32f4xx_hal_pcd.o
                0x0800da7c                HAL_PCD_EP_Close
 .text.HAL_PCD_EP_Receive
                0x0800db10       0x76 ./Drivers/STM32F4xx_HAL_Driver/Src/stm32f4xx_hal_pcd.o
                0x0800db10                HAL_PCD_EP_Receive
 .text.HAL_PCD_EP_Transmit
                0x0800db86       0x74 ./Drivers/STM32F4xx_HAL_Driver/Src/stm32f4xx_hal_pcd.o
                0x0800db86                HAL_PCD_EP_Transmit
 .text.HAL_PCD_EP_SetStall
                0x0800dbfa       0xc6 ./Drivers/STM32F4xx_HAL_Driver/Src/stm32f4xx_hal_pcd.o
                0x0800dbfa                HAL_PCD_EP_SetStall
 .text.HAL_PCD_EP_ClrStall
                0x0800dcc0       0xac ./Drivers/STM32F4xx_HAL_Driver/Src/stm32f4xx_hal_pcd.o
                0x0800dcc0                HAL_PCD_EP_ClrStall
 .text.HAL_PCD_EP_Abort
                0x0800dd6c       0x62 ./Drivers/STM32F4xx_HAL_Driver/Src/stm32f4xx_hal_pcd.o
                0x0800dd6c                HAL_PCD_EP_Abort
 .text.PCD_WriteEmptyTxFifo
                0x0800ddce      0x118 ./Drivers/STM32F4xx_HAL_Driver/Src/stm32f4xx_hal_pcd.o
 *fill*         0x0800dee6        0x2 
 .text.PCD_EP_OutXfrComplete_int
                0x0800dee8      0x1d0 ./Drivers/STM32F4xx_HAL_Driver/Src/stm32f4xx_hal_pcd.o
 .text.PCD_EP_OutSetupPacket_int
                0x0800e0b8       0x8c ./Drivers/STM32F4xx_HAL_Driver/Src/stm32f4xx_hal_pcd.o
 .text.HAL_PCDEx_SetTxFiFo
                0x0800e144       0x8e ./Drivers/STM32F4xx_HAL_Driver/Src/stm32f4xx_hal_pcd_ex.o
                0x0800e144                HAL_PCDEx_SetTxFiFo
 .text.HAL_PCDEx_SetRxFiFo
                0x0800e1d2       0x22 ./Drivers/STM32F4xx_HAL_Driver/Src/stm32f4xx_hal_pcd_ex.o
                0x0800e1d2                HAL_PCDEx_SetRxFiFo
 .text.HAL_PCDEx_LPM_Callback
                0x0800e1f4       0x18 ./Drivers/STM32F4xx_HAL_Driver/Src/stm32f4xx_hal_pcd_ex.o
                0x0800e1f4                HAL_PCDEx_LPM_Callback
 .text.HAL_RCC_OscConfig
                0x0800e20c      0x4f0 ./Drivers/STM32F4xx_HAL_Driver/Src/stm32f4xx_hal_rcc.o
                0x0800e20c                HAL_RCC_OscConfig
 .text.HAL_RCC_ClockConfig
                0x0800e6fc      0x1cc ./Drivers/STM32F4xx_HAL_Driver/Src/stm32f4xx_hal_rcc.o
                0x0800e6fc                HAL_RCC_ClockConfig
 .text.HAL_RCC_GetSysClockFreq
                0x0800e8c8      0x20c ./Drivers/STM32F4xx_HAL_Driver/Src/stm32f4xx_hal_rcc.o
                0x0800e8c8                HAL_RCC_GetSysClockFreq
 .text.HAL_RCC_GetHCLKFreq
                0x0800ead4       0x18 ./Drivers/STM32F4xx_HAL_Driver/Src/stm32f4xx_hal_rcc.o
                0x0800ead4                HAL_RCC_GetHCLKFreq
 .text.HAL_RCC_GetPCLK1Freq
                0x0800eaec       0x28 ./Drivers/STM32F4xx_HAL_Driver/Src/stm32f4xx_hal_rcc.o
                0x0800eaec                HAL_RCC_GetPCLK1Freq
 .text.HAL_RCC_GetPCLK2Freq
                0x0800eb14       0x28 ./Drivers/STM32F4xx_HAL_Driver/Src/stm32f4xx_hal_rcc.o
                0x0800eb14                HAL_RCC_GetPCLK2Freq
 .text.HAL_RCC_DeInit
                0x0800eb3c      0x19c ./Drivers/STM32F4xx_HAL_Driver/Src/stm32f4xx_hal_rcc_ex.o
                0x0800eb3c                HAL_RCC_DeInit
 .text.HAL_TIM_Base_Init
                0x0800ecd8       0x9e ./Drivers/STM32F4xx_HAL_Driver/Src/stm32f4xx_hal_tim.o
                0x0800ecd8                HAL_TIM_Base_Init
 .text.HAL_TIM_PWM_Init
                0x0800ed76       0x9e ./Drivers/STM32F4xx_HAL_Driver/Src/stm32f4xx_hal_tim.o
                0x0800ed76                HAL_TIM_PWM_Init
 .text.HAL_TIM_PWM_MspInit
                0x0800ee14       0x14 ./Drivers/STM32F4xx_HAL_Driver/Src/stm32f4xx_hal_tim.o
                0x0800ee14                HAL_TIM_PWM_MspInit
 .text.HAL_TIM_IRQHandler
                0x0800ee28      0x1e0 ./Drivers/STM32F4xx_HAL_Driver/Src/stm32f4xx_hal_tim.o
                0x0800ee28                HAL_TIM_IRQHandler
 .text.HAL_TIM_PWM_ConfigChannel
                0x0800f008      0x184 ./Drivers/STM32F4xx_HAL_Driver/Src/stm32f4xx_hal_tim.o
                0x0800f008                HAL_TIM_PWM_ConfigChannel
 .text.HAL_TIM_ConfigClockSource
                0x0800f18c      0x18e ./Drivers/STM32F4xx_HAL_Driver/Src/stm32f4xx_hal_tim.o
                0x0800f18c                HAL_TIM_ConfigClockSource
 .text.HAL_TIM_PeriodElapsedCallback
                0x0800f31a       0x14 ./Drivers/STM32F4xx_HAL_Driver/Src/stm32f4xx_hal_tim.o
                0x0800f31a                HAL_TIM_PeriodElapsedCallback
 .text.HAL_TIM_OC_DelayElapsedCallback
                0x0800f32e       0x14 ./Drivers/STM32F4xx_HAL_Driver/Src/stm32f4xx_hal_tim.o
                0x0800f32e                HAL_TIM_OC_DelayElapsedCallback
 .text.HAL_TIM_IC_CaptureCallback
                0x0800f342       0x14 ./Drivers/STM32F4xx_HAL_Driver/Src/stm32f4xx_hal_tim.o
                0x0800f342                HAL_TIM_IC_CaptureCallback
 .text.HAL_TIM_PWM_PulseFinishedCallback
                0x0800f356       0x14 ./Drivers/STM32F4xx_HAL_Driver/Src/stm32f4xx_hal_tim.o
                0x0800f356                HAL_TIM_PWM_PulseFinishedCallback
 .text.HAL_TIM_TriggerCallback
                0x0800f36a       0x14 ./Drivers/STM32F4xx_HAL_Driver/Src/stm32f4xx_hal_tim.o
                0x0800f36a                HAL_TIM_TriggerCallback
 *fill*         0x0800f37e        0x2 
 .text.TIM_Base_SetConfig
                0x0800f380      0x10c ./Drivers/STM32F4xx_HAL_Driver/Src/stm32f4xx_hal_tim.o
                0x0800f380                TIM_Base_SetConfig
 .text.TIM_OC1_SetConfig
                0x0800f48c       0xcc ./Drivers/STM32F4xx_HAL_Driver/Src/stm32f4xx_hal_tim.o
 .text.TIM_OC2_SetConfig
                0x0800f558       0xd8 ./Drivers/STM32F4xx_HAL_Driver/Src/stm32f4xx_hal_tim.o
                0x0800f558                TIM_OC2_SetConfig
 .text.TIM_OC3_SetConfig
                0x0800f630       0xd4 ./Drivers/STM32F4xx_HAL_Driver/Src/stm32f4xx_hal_tim.o
 .text.TIM_OC4_SetConfig
                0x0800f704       0xa0 ./Drivers/STM32F4xx_HAL_Driver/Src/stm32f4xx_hal_tim.o
 .text.TIM_TI1_ConfigInputStage
                0x0800f7a4       0x5e ./Drivers/STM32F4xx_HAL_Driver/Src/stm32f4xx_hal_tim.o
 .text.TIM_TI2_ConfigInputStage
                0x0800f802       0x60 ./Drivers/STM32F4xx_HAL_Driver/Src/stm32f4xx_hal_tim.o
 .text.TIM_ITRx_SetConfig
                0x0800f862       0x36 ./Drivers/STM32F4xx_HAL_Driver/Src/stm32f4xx_hal_tim.o
 .text.TIM_ETR_SetConfig
                0x0800f898       0x40 ./Drivers/STM32F4xx_HAL_Driver/Src/stm32f4xx_hal_tim.o
                0x0800f898                TIM_ETR_SetConfig
 .text.HAL_TIMEx_MasterConfigSynchronization
                0x0800f8d8       0xdc ./Drivers/STM32F4xx_HAL_Driver/Src/stm32f4xx_hal_tim_ex.o
                0x0800f8d8                HAL_TIMEx_MasterConfigSynchronization
 .text.HAL_TIMEx_ConfigBreakDeadTime
                0x0800f9b4       0xa4 ./Drivers/STM32F4xx_HAL_Driver/Src/stm32f4xx_hal_tim_ex.o
                0x0800f9b4                HAL_TIMEx_ConfigBreakDeadTime
 .text.HAL_TIMEx_CommutCallback
                0x0800fa58       0x14 ./Drivers/STM32F4xx_HAL_Driver/Src/stm32f4xx_hal_tim_ex.o
                0x0800fa58                HAL_TIMEx_CommutCallback
 .text.HAL_TIMEx_BreakCallback
                0x0800fa6c       0x14 ./Drivers/STM32F4xx_HAL_Driver/Src/stm32f4xx_hal_tim_ex.o
                0x0800fa6c                HAL_TIMEx_BreakCallback
 .text.HAL_UART_Init
                0x0800fa80       0xa0 ./Drivers/STM32F4xx_HAL_Driver/Src/stm32f4xx_hal_uart.o
                0x0800fa80                HAL_UART_Init
 .text.HAL_UART_Transmit
                0x0800fb20      0x116 ./Drivers/STM32F4xx_HAL_Driver/Src/stm32f4xx_hal_uart.o
                0x0800fb20                HAL_UART_Transmit
 .text.UART_WaitOnFlagUntilTimeout
                0x0800fc36       0xb2 ./Drivers/STM32F4xx_HAL_Driver/Src/stm32f4xx_hal_uart.o
 .text.UART_EndRxTransfer
                0x0800fce8       0xc6 ./Drivers/STM32F4xx_HAL_Driver/Src/stm32f4xx_hal_uart.o
 *fill*         0x0800fdae        0x2 
 .text.UART_SetConfig
                0x0800fdb0      0x4e8 ./Drivers/STM32F4xx_HAL_Driver/Src/stm32f4xx_hal_uart.o
 .text.USB_CoreInit
                0x08010298       0xc8 ./Drivers/STM32F4xx_HAL_Driver/Src/stm32f4xx_ll_usb.o
                0x08010298                USB_CoreInit
 .text.USB_SetTurnaroundTime
                0x08010360      0x144 ./Drivers/STM32F4xx_HAL_Driver/Src/stm32f4xx_ll_usb.o
                0x08010360                USB_SetTurnaroundTime
 .text.USB_EnableGlobalInt
                0x080104a4       0x22 ./Drivers/STM32F4xx_HAL_Driver/Src/stm32f4xx_ll_usb.o
                0x080104a4                USB_EnableGlobalInt
 .text.USB_DisableGlobalInt
                0x080104c6       0x22 ./Drivers/STM32F4xx_HAL_Driver/Src/stm32f4xx_ll_usb.o
                0x080104c6                USB_DisableGlobalInt
 .text.USB_SetCurrentMode
                0x080104e8       0x98 ./Drivers/STM32F4xx_HAL_Driver/Src/stm32f4xx_ll_usb.o
                0x080104e8                USB_SetCurrentMode
 .text.USB_DevInit
                0x08010580      0x2c8 ./Drivers/STM32F4xx_HAL_Driver/Src/stm32f4xx_ll_usb.o
                0x08010580                USB_DevInit
 .text.USB_FlushTxFifo
                0x08010848       0x64 ./Drivers/STM32F4xx_HAL_Driver/Src/stm32f4xx_ll_usb.o
                0x08010848                USB_FlushTxFifo
 .text.USB_FlushRxFifo
                0x080108ac       0x5c ./Drivers/STM32F4xx_HAL_Driver/Src/stm32f4xx_ll_usb.o
                0x080108ac                USB_FlushRxFifo
 .text.USB_SetDevSpeed
                0x08010908       0x32 ./Drivers/STM32F4xx_HAL_Driver/Src/stm32f4xx_ll_usb.o
                0x08010908                USB_SetDevSpeed
 .text.USB_GetDevSpeed
                0x0801093a       0x4a ./Drivers/STM32F4xx_HAL_Driver/Src/stm32f4xx_ll_usb.o
                0x0801093a                USB_GetDevSpeed
 .text.USB_ActivateEndpoint
                0x08010984      0x10e ./Drivers/STM32F4xx_HAL_Driver/Src/stm32f4xx_ll_usb.o
                0x08010984                USB_ActivateEndpoint
 *fill*         0x08010a92        0x2 
 .text.USB_DeactivateEndpoint
                0x08010a94      0x1b8 ./Drivers/STM32F4xx_HAL_Driver/Src/stm32f4xx_ll_usb.o
                0x08010a94                USB_DeactivateEndpoint
 .text.USB_EPStartXfer
                0x08010c4c      0x53c ./Drivers/STM32F4xx_HAL_Driver/Src/stm32f4xx_ll_usb.o
                0x08010c4c                USB_EPStartXfer
 .text.USB_EPStopXfer
                0x08011188      0x154 ./Drivers/STM32F4xx_HAL_Driver/Src/stm32f4xx_ll_usb.o
                0x08011188                USB_EPStopXfer
 .text.USB_WritePacket
                0x080112dc       0x7c ./Drivers/STM32F4xx_HAL_Driver/Src/stm32f4xx_ll_usb.o
                0x080112dc                USB_WritePacket
 .text.USB_ReadPacket
                0x08011358       0xb0 ./Drivers/STM32F4xx_HAL_Driver/Src/stm32f4xx_ll_usb.o
                0x08011358                USB_ReadPacket
 .text.USB_EPSetStall
                0x08011408       0xdc ./Drivers/STM32F4xx_HAL_Driver/Src/stm32f4xx_ll_usb.o
                0x08011408                USB_EPSetStall
 .text.USB_EPClearStall
                0x080114e4       0xcc ./Drivers/STM32F4xx_HAL_Driver/Src/stm32f4xx_ll_usb.o
                0x080114e4                USB_EPClearStall
 .text.USB_SetDevAddress
                0x080115b0       0x4c ./Drivers/STM32F4xx_HAL_Driver/Src/stm32f4xx_ll_usb.o
                0x080115b0                USB_SetDevAddress
 .text.USB_DevConnect
                0x080115fc       0x42 ./Drivers/STM32F4xx_HAL_Driver/Src/stm32f4xx_ll_usb.o
                0x080115fc                USB_DevConnect
 .text.USB_DevDisconnect
                0x0801163e       0x42 ./Drivers/STM32F4xx_HAL_Driver/Src/stm32f4xx_ll_usb.o
                0x0801163e                USB_DevDisconnect
 .text.USB_ReadInterrupts
                0x08011680       0x26 ./Drivers/STM32F4xx_HAL_Driver/Src/stm32f4xx_ll_usb.o
                0x08011680                USB_ReadInterrupts
 .text.USB_ReadDevAllOutEpInterrupt
                0x080116a6       0x34 ./Drivers/STM32F4xx_HAL_Driver/Src/stm32f4xx_ll_usb.o
                0x080116a6                USB_ReadDevAllOutEpInterrupt
 .text.USB_ReadDevAllInEpInterrupt
                0x080116da       0x34 ./Drivers/STM32F4xx_HAL_Driver/Src/stm32f4xx_ll_usb.o
                0x080116da                USB_ReadDevAllInEpInterrupt
 .text.USB_ReadDevOutEPInterrupt
                0x0801170e       0x3c ./Drivers/STM32F4xx_HAL_Driver/Src/stm32f4xx_ll_usb.o
                0x0801170e                USB_ReadDevOutEPInterrupt
 .text.USB_ReadDevInEPInterrupt
                0x0801174a       0x5c ./Drivers/STM32F4xx_HAL_Driver/Src/stm32f4xx_ll_usb.o
                0x0801174a                USB_ReadDevInEPInterrupt
 .text.USB_GetMode
                0x080117a6       0x1c ./Drivers/STM32F4xx_HAL_Driver/Src/stm32f4xx_ll_usb.o
                0x080117a6                USB_GetMode
 .text.USB_ActivateSetup
                0x080117c2       0x46 ./Drivers/STM32F4xx_HAL_Driver/Src/stm32f4xx_ll_usb.o
                0x080117c2                USB_ActivateSetup
 .text.USB_EP0_OutStart
                0x08011808       0xbc ./Drivers/STM32F4xx_HAL_Driver/Src/stm32f4xx_ll_usb.o
                0x08011808                USB_EP0_OutStart
 .text.USB_CoreReset
                0x080118c4       0x70 ./Drivers/STM32F4xx_HAL_Driver/Src/stm32f4xx_ll_usb.o
 .text.USBD_HID_Init
                0x08011934       0xcc ./Middlewares/ST/STM32_USB_Device_Library/Class/HID/Src/usbd_hid.o
 .text.USBD_HID_DeInit
                0x08011a00       0x90 ./Middlewares/ST/STM32_USB_Device_Library/Class/HID/Src/usbd_hid.o
 .text.USBD_HID_Setup
                0x08011a90      0x210 ./Middlewares/ST/STM32_USB_Device_Library/Class/HID/Src/usbd_hid.o
 .text.USBD_HID_GetFSCfgDesc
                0x08011ca0       0x34 ./Middlewares/ST/STM32_USB_Device_Library/Class/HID/Src/usbd_hid.o
 .text.USBD_HID_GetHSCfgDesc
                0x08011cd4       0x34 ./Middlewares/ST/STM32_USB_Device_Library/Class/HID/Src/usbd_hid.o
 .text.USBD_HID_GetOtherSpeedCfgDesc
                0x08011d08       0x34 ./Middlewares/ST/STM32_USB_Device_Library/Class/HID/Src/usbd_hid.o
 .text.USBD_HID_DataIn
                0x08011d3c       0x2c ./Middlewares/ST/STM32_USB_Device_Library/Class/HID/Src/usbd_hid.o
 .text.USBD_HID_GetDeviceQualifierDesc
                0x08011d68       0x20 ./Middlewares/ST/STM32_USB_Device_Library/Class/HID/Src/usbd_hid.o
 .text.USBD_Init
                0x08011d88       0x60 ./Middlewares/ST/STM32_USB_Device_Library/Core/Src/usbd_core.o
                0x08011d88                USBD_Init
 .text.USBD_RegisterClass
                0x08011de8       0x6c ./Middlewares/ST/STM32_USB_Device_Library/Core/Src/usbd_core.o
                0x08011de8                USBD_RegisterClass
 .text.USBD_Start
                0x08011e54       0x18 ./Middlewares/ST/STM32_USB_Device_Library/Core/Src/usbd_core.o
                0x08011e54                USBD_Start
 .text.USBD_RunTestMode
                0x08011e6c       0x16 ./Middlewares/ST/STM32_USB_Device_Library/Core/Src/usbd_core.o
                0x08011e6c                USBD_RunTestMode
 .text.USBD_SetClassConfig
                0x08011e82       0x38 ./Middlewares/ST/STM32_USB_Device_Library/Core/Src/usbd_core.o
                0x08011e82                USBD_SetClassConfig
 .text.USBD_ClrClassConfig
                0x08011eba       0x34 ./Middlewares/ST/STM32_USB_Device_Library/Core/Src/usbd_core.o
                0x08011eba                USBD_ClrClassConfig
 .text.USBD_LL_SetupStage
                0x08011eee       0xaa ./Middlewares/ST/STM32_USB_Device_Library/Core/Src/usbd_core.o
                0x08011eee                USBD_LL_SetupStage
 .text.USBD_LL_DataOutStage
                0x08011f98      0x178 ./Middlewares/ST/STM32_USB_Device_Library/Core/Src/usbd_core.o
                0x08011f98                USBD_LL_DataOutStage
 .text.USBD_LL_DataInStage
                0x08012110      0x176 ./Middlewares/ST/STM32_USB_Device_Library/Core/Src/usbd_core.o
                0x08012110                USBD_LL_DataInStage
 .text.USBD_LL_Reset
                0x08012286       0xa6 ./Middlewares/ST/STM32_USB_Device_Library/Core/Src/usbd_core.o
                0x08012286                USBD_LL_Reset
 .text.USBD_LL_SetSpeed
                0x0801232c       0x20 ./Middlewares/ST/STM32_USB_Device_Library/Core/Src/usbd_core.o
                0x0801232c                USBD_LL_SetSpeed
 .text.USBD_LL_Suspend
                0x0801234c       0x38 ./Middlewares/ST/STM32_USB_Device_Library/Core/Src/usbd_core.o
                0x0801234c                USBD_LL_Suspend
 .text.USBD_LL_Resume
                0x08012384       0x30 ./Middlewares/ST/STM32_USB_Device_Library/Core/Src/usbd_core.o
                0x08012384                USBD_LL_Resume
 .text.USBD_LL_SOF
                0x080123b4       0x40 ./Middlewares/ST/STM32_USB_Device_Library/Core/Src/usbd_core.o
                0x080123b4                USBD_LL_SOF
 .text.USBD_LL_IsoINIncomplete
                0x080123f4       0x64 ./Middlewares/ST/STM32_USB_Device_Library/Core/Src/usbd_core.o
                0x080123f4                USBD_LL_IsoINIncomplete
 .text.USBD_LL_IsoOUTIncomplete
                0x08012458       0x64 ./Middlewares/ST/STM32_USB_Device_Library/Core/Src/usbd_core.o
                0x08012458                USBD_LL_IsoOUTIncomplete
 .text.USBD_LL_DevConnected
                0x080124bc       0x16 ./Middlewares/ST/STM32_USB_Device_Library/Core/Src/usbd_core.o
                0x080124bc                USBD_LL_DevConnected
 .text.USBD_LL_DevDisconnected
                0x080124d2       0x46 ./Middlewares/ST/STM32_USB_Device_Library/Core/Src/usbd_core.o
                0x080124d2                USBD_LL_DevDisconnected
 .text.USBD_CoreFindIF
                0x08012518       0x1a ./Middlewares/ST/STM32_USB_Device_Library/Core/Src/usbd_core.o
                0x08012518                USBD_CoreFindIF
 .text.USBD_CoreFindEP
                0x08012532       0x1a ./Middlewares/ST/STM32_USB_Device_Library/Core/Src/usbd_core.o
                0x08012532                USBD_CoreFindEP
 .text.USBD_GetEpDesc
                0x0801254c       0x70 ./Middlewares/ST/STM32_USB_Device_Library/Core/Src/usbd_core.o
                0x0801254c                USBD_GetEpDesc
 .text.USBD_GetNextDesc
                0x080125bc       0x38 ./Middlewares/ST/STM32_USB_Device_Library/Core/Src/usbd_core.o
                0x080125bc                USBD_GetNextDesc
 .text.SWAPBYTE
                0x080125f4       0x3e ./Middlewares/ST/STM32_USB_Device_Library/Core/Src/usbd_ctlreq.o
 *fill*         0x08012632        0x2 
 .text.USBD_StdDevReq
                0x08012634       0xe4 ./Middlewares/ST/STM32_USB_Device_Library/Core/Src/usbd_ctlreq.o
                0x08012634                USBD_StdDevReq
 .text.USBD_StdItfReq
                0x08012718       0xd8 ./Middlewares/ST/STM32_USB_Device_Library/Core/Src/usbd_ctlreq.o
                0x08012718                USBD_StdItfReq
 .text.USBD_StdEPReq
                0x080127f0      0x33e ./Middlewares/ST/STM32_USB_Device_Library/Core/Src/usbd_ctlreq.o
                0x080127f0                USBD_StdEPReq
 *fill*         0x08012b2e        0x2 
 .text.USBD_GetDescriptor
                0x08012b30      0x2d4 ./Middlewares/ST/STM32_USB_Device_Library/Core/Src/usbd_ctlreq.o
 .text.USBD_SetAddress
                0x08012e04       0x88 ./Middlewares/ST/STM32_USB_Device_Library/Core/Src/usbd_ctlreq.o
 .text.USBD_SetConfig
                0x08012e8c      0x154 ./Middlewares/ST/STM32_USB_Device_Library/Core/Src/usbd_ctlreq.o
 .text.USBD_GetConfig
                0x08012fe0       0x6c ./Middlewares/ST/STM32_USB_Device_Library/Core/Src/usbd_ctlreq.o
 .text.USBD_GetStatus
                0x0801304c       0x68 ./Middlewares/ST/STM32_USB_Device_Library/Core/Src/usbd_ctlreq.o
 .text.USBD_SetFeature
                0x080130b4       0x52 ./Middlewares/ST/STM32_USB_Device_Library/Core/Src/usbd_ctlreq.o
 .text.USBD_ClrFeature
                0x08013106       0x44 ./Middlewares/ST/STM32_USB_Device_Library/Core/Src/usbd_ctlreq.o
 .text.USBD_ParseSetupRequest
                0x0801314a       0x74 ./Middlewares/ST/STM32_USB_Device_Library/Core/Src/usbd_ctlreq.o
                0x0801314a                USBD_ParseSetupRequest
 .text.USBD_CtlError
                0x080131be       0x22 ./Middlewares/ST/STM32_USB_Device_Library/Core/Src/usbd_ctlreq.o
                0x080131be                USBD_CtlError
 .text.USBD_GetString
                0x080131e0       0xa4 ./Middlewares/ST/STM32_USB_Device_Library/Core/Src/usbd_ctlreq.o
                0x080131e0                USBD_GetString
 .text.USBD_GetLen
                0x08013284       0x34 ./Middlewares/ST/STM32_USB_Device_Library/Core/Src/usbd_ctlreq.o
 .text.USBD_CtlSendData
                0x080132b8       0x3c ./Middlewares/ST/STM32_USB_Device_Library/Core/Src/usbd_ioreq.o
                0x080132b8                USBD_CtlSendData
 .text.USBD_CtlContinueSendData
                0x080132f4       0x22 ./Middlewares/ST/STM32_USB_Device_Library/Core/Src/usbd_ioreq.o
                0x080132f4                USBD_CtlContinueSendData
 .text.USBD_CtlContinueRx
                0x08013316       0x22 ./Middlewares/ST/STM32_USB_Device_Library/Core/Src/usbd_ioreq.o
                0x08013316                USBD_CtlContinueRx
 .text.USBD_CtlSendStatus
                0x08013338       0x26 ./Middlewares/ST/STM32_USB_Device_Library/Core/Src/usbd_ioreq.o
                0x08013338                USBD_CtlSendStatus
 .text.USBD_CtlReceiveStatus
                0x0801335e       0x26 ./Middlewares/ST/STM32_USB_Device_Library/Core/Src/usbd_ioreq.o
                0x0801335e                USBD_CtlReceiveStatus
 .text.MX_USB_DEVICE_Init
                0x08013384       0x4c ./USB_DEVICE/App/usb_device.o
                0x08013384                MX_USB_DEVICE_Init
 .text.USBD_FS_DeviceDescriptor
                0x080133d0       0x24 ./USB_DEVICE/App/usbd_desc.o
                0x080133d0                USBD_FS_DeviceDescriptor
 .text.USBD_FS_LangIDStrDescriptor
                0x080133f4       0x24 ./USB_DEVICE/App/usbd_desc.o
                0x080133f4                USBD_FS_LangIDStrDescriptor
 .text.USBD_FS_ProductStrDescriptor
                0x08013418       0x3c ./USB_DEVICE/App/usbd_desc.o
                0x08013418                USBD_FS_ProductStrDescriptor
 .text.USBD_FS_ManufacturerStrDescriptor
                0x08013454       0x28 ./USB_DEVICE/App/usbd_desc.o
                0x08013454                USBD_FS_ManufacturerStrDescriptor
 .text.USBD_FS_SerialStrDescriptor
                0x0801347c       0x24 ./USB_DEVICE/App/usbd_desc.o
                0x0801347c                USBD_FS_SerialStrDescriptor
 .text.USBD_FS_ConfigStrDescriptor
                0x080134a0       0x3c ./USB_DEVICE/App/usbd_desc.o
                0x080134a0                USBD_FS_ConfigStrDescriptor
 .text.USBD_FS_InterfaceStrDescriptor
                0x080134dc       0x3c ./USB_DEVICE/App/usbd_desc.o
                0x080134dc                USBD_FS_InterfaceStrDescriptor
 .text.Get_SerialNum
                0x08013518       0x58 ./USB_DEVICE/App/usbd_desc.o
 .text.IntToUnicode
                0x08013570       0x7e ./USB_DEVICE/App/usbd_desc.o
 *fill*         0x080135ee        0x2 
 .text.HAL_PCD_MspInit
                0x080135f0       0xa8 ./USB_DEVICE/Target/usbd_conf.o
                0x080135f0                HAL_PCD_MspInit
 .text.HAL_PCD_SetupStageCallback
                0x08013698       0x24 ./USB_DEVICE/Target/usbd_conf.o
                0x08013698                HAL_PCD_SetupStageCallback
 .text.HAL_PCD_DataOutStageCallback
                0x080136bc       0x36 ./USB_DEVICE/Target/usbd_conf.o
                0x080136bc                HAL_PCD_DataOutStageCallback
 .text.HAL_PCD_DataInStageCallback
                0x080136f2       0x34 ./USB_DEVICE/Target/usbd_conf.o
                0x080136f2                HAL_PCD_DataInStageCallback
 .text.HAL_PCD_SOFCallback
                0x08013726       0x1c ./USB_DEVICE/Target/usbd_conf.o
                0x08013726                HAL_PCD_SOFCallback
 .text.HAL_PCD_ResetCallback
                0x08013742       0x3c ./USB_DEVICE/Target/usbd_conf.o
                0x08013742                HAL_PCD_ResetCallback
 *fill*         0x0801377e        0x2 
 .text.HAL_PCD_SuspendCallback
                0x08013780       0x4c ./USB_DEVICE/Target/usbd_conf.o
                0x08013780                HAL_PCD_SuspendCallback
 .text.HAL_PCD_ResumeCallback
                0x080137cc       0x1c ./USB_DEVICE/Target/usbd_conf.o
                0x080137cc                HAL_PCD_ResumeCallback
 .text.HAL_PCD_ISOOUTIncompleteCallback
                0x080137e8       0x24 ./USB_DEVICE/Target/usbd_conf.o
                0x080137e8                HAL_PCD_ISOOUTIncompleteCallback
 .text.HAL_PCD_ISOINIncompleteCallback
                0x0801380c       0x24 ./USB_DEVICE/Target/usbd_conf.o
                0x0801380c                HAL_PCD_ISOINIncompleteCallback
 .text.HAL_PCD_ConnectCallback
                0x08013830       0x1c ./USB_DEVICE/Target/usbd_conf.o
                0x08013830                HAL_PCD_ConnectCallback
 .text.HAL_PCD_DisconnectCallback
                0x0801384c       0x1c ./USB_DEVICE/Target/usbd_conf.o
                0x0801384c                HAL_PCD_DisconnectCallback
 .text.USBD_LL_Init
                0x08013868       0x98 ./USB_DEVICE/Target/usbd_conf.o
                0x08013868                USBD_LL_Init
 .text.USBD_LL_Start
                0x08013900       0x36 ./USB_DEVICE/Target/usbd_conf.o
                0x08013900                USBD_LL_Start
 .text.USBD_LL_OpenEP
                0x08013936       0x4c ./USB_DEVICE/Target/usbd_conf.o
                0x08013936                USBD_LL_OpenEP
 .text.USBD_LL_CloseEP
                0x08013982       0x3e ./USB_DEVICE/Target/usbd_conf.o
                0x08013982                USBD_LL_CloseEP
 .text.USBD_LL_StallEP
                0x080139c0       0x3e ./USB_DEVICE/Target/usbd_conf.o
                0x080139c0                USBD_LL_StallEP
 .text.USBD_LL_ClearStallEP
                0x080139fe       0x3e ./USB_DEVICE/Target/usbd_conf.o
                0x080139fe                USBD_LL_ClearStallEP
 .text.USBD_LL_IsStallEP
                0x08013a3c       0x58 ./USB_DEVICE/Target/usbd_conf.o
                0x08013a3c                USBD_LL_IsStallEP
 .text.USBD_LL_SetUSBAddress
                0x08013a94       0x3e ./USB_DEVICE/Target/usbd_conf.o
                0x08013a94                USBD_LL_SetUSBAddress
 .text.USBD_LL_Transmit
                0x08013ad2       0x42 ./USB_DEVICE/Target/usbd_conf.o
                0x08013ad2                USBD_LL_Transmit
 .text.USBD_LL_PrepareReceive
                0x08013b14       0x42 ./USB_DEVICE/Target/usbd_conf.o
                0x08013b14                USBD_LL_PrepareReceive
 *fill*         0x08013b56        0x2 
 .text.USBD_static_malloc
                0x08013b58       0x1c ./USB_DEVICE/Target/usbd_conf.o
                0x08013b58                USBD_static_malloc
 .text.USBD_static_free
                0x08013b74       0x14 ./USB_DEVICE/Target/usbd_conf.o
                0x08013b74                USBD_static_free
 .text.USBD_Get_USB_Status
                0x08013b88       0x58 ./USB_DEVICE/Target/usbd_conf.o
                0x08013b88                USBD_Get_USB_Status
 .text.__cvt    0x08013be0       0xca C:/ST/STM32CubeIDE_1.18.1/STM32CubeIDE/plugins/com.st.stm32cube.ide.mcu.externaltools.gnu-tools-for-stm32.13.3.rel1.win32_1.0.0.202411081344/tools/bin/../lib/gcc/arm-none-eabi/13.3.1/../../../../arm-none-eabi/lib/thumb/v7e-m+fp/hard\libc_nano.a(libc_a-nano-vfprintf_float.o)
                0x08013be0                __cvt
 .text.__exponent
                0x08013caa       0x74 C:/ST/STM32CubeIDE_1.18.1/STM32CubeIDE/plugins/com.st.stm32cube.ide.mcu.externaltools.gnu-tools-for-stm32.13.3.rel1.win32_1.0.0.202411081344/tools/bin/../lib/gcc/arm-none-eabi/13.3.1/../../../../arm-none-eabi/lib/thumb/v7e-m+fp/hard\libc_nano.a(libc_a-nano-vfprintf_float.o)
                0x08013caa                __exponent
 *fill*         0x08013d1e        0x2 
 .text._printf_float
                0x08013d20      0x454 C:/ST/STM32CubeIDE_1.18.1/STM32CubeIDE/plugins/com.st.stm32cube.ide.mcu.externaltools.gnu-tools-for-stm32.13.3.rel1.win32_1.0.0.202411081344/tools/bin/../lib/gcc/arm-none-eabi/13.3.1/../../../../arm-none-eabi/lib/thumb/v7e-m+fp/hard\libc_nano.a(libc_a-nano-vfprintf_float.o)
                0x08013d20                _printf_float
 .text._printf_common
                0x08014174       0xda C:/ST/STM32CubeIDE_1.18.1/STM32CubeIDE/plugins/com.st.stm32cube.ide.mcu.externaltools.gnu-tools-for-stm32.13.3.rel1.win32_1.0.0.202411081344/tools/bin/../lib/gcc/arm-none-eabi/13.3.1/../../../../arm-none-eabi/lib/thumb/v7e-m+fp/hard\libc_nano.a(libc_a-nano-vfprintf_i.o)
                0x08014174                _printf_common
 *fill*         0x0801424e        0x2 
 .text._printf_i
                0x08014250      0x23c C:/ST/STM32CubeIDE_1.18.1/STM32CubeIDE/plugins/com.st.stm32cube.ide.mcu.externaltools.gnu-tools-for-stm32.13.3.rel1.win32_1.0.0.202411081344/tools/bin/../lib/gcc/arm-none-eabi/13.3.1/../../../../arm-none-eabi/lib/thumb/v7e-m+fp/hard\libc_nano.a(libc_a-nano-vfprintf_i.o)
                0x08014250                _printf_i
 .text.std      0x0801448c       0x6c C:/ST/STM32CubeIDE_1.18.1/STM32CubeIDE/plugins/com.st.stm32cube.ide.mcu.externaltools.gnu-tools-for-stm32.13.3.rel1.win32_1.0.0.202411081344/tools/bin/../lib/gcc/arm-none-eabi/13.3.1/../../../../arm-none-eabi/lib/thumb/v7e-m+fp/hard\libc_nano.a(libc_a-findfp.o)
 .text.stdio_exit_handler
                0x080144f8       0x18 C:/ST/STM32CubeIDE_1.18.1/STM32CubeIDE/plugins/com.st.stm32cube.ide.mcu.externaltools.gnu-tools-for-stm32.13.3.rel1.win32_1.0.0.202411081344/tools/bin/../lib/gcc/arm-none-eabi/13.3.1/../../../../arm-none-eabi/lib/thumb/v7e-m+fp/hard\libc_nano.a(libc_a-findfp.o)
 .text.cleanup_stdio
                0x08014510       0x40 C:/ST/STM32CubeIDE_1.18.1/STM32CubeIDE/plugins/com.st.stm32cube.ide.mcu.externaltools.gnu-tools-for-stm32.13.3.rel1.win32_1.0.0.202411081344/tools/bin/../lib/gcc/arm-none-eabi/13.3.1/../../../../arm-none-eabi/lib/thumb/v7e-m+fp/hard\libc_nano.a(libc_a-findfp.o)
 .text.global_stdio_init.part.0
                0x08014550       0x3c C:/ST/STM32CubeIDE_1.18.1/STM32CubeIDE/plugins/com.st.stm32cube.ide.mcu.externaltools.gnu-tools-for-stm32.13.3.rel1.win32_1.0.0.202411081344/tools/bin/../lib/gcc/arm-none-eabi/13.3.1/../../../../arm-none-eabi/lib/thumb/v7e-m+fp/hard\libc_nano.a(libc_a-findfp.o)
 .text.__sfp_lock_acquire
                0x0801458c        0xc C:/ST/STM32CubeIDE_1.18.1/STM32CubeIDE/plugins/com.st.stm32cube.ide.mcu.externaltools.gnu-tools-for-stm32.13.3.rel1.win32_1.0.0.202411081344/tools/bin/../lib/gcc/arm-none-eabi/13.3.1/../../../../arm-none-eabi/lib/thumb/v7e-m+fp/hard\libc_nano.a(libc_a-findfp.o)
                0x0801458c                __sfp_lock_acquire
 .text.__sfp_lock_release
                0x08014598        0xc C:/ST/STM32CubeIDE_1.18.1/STM32CubeIDE/plugins/com.st.stm32cube.ide.mcu.externaltools.gnu-tools-for-stm32.13.3.rel1.win32_1.0.0.202411081344/tools/bin/../lib/gcc/arm-none-eabi/13.3.1/../../../../arm-none-eabi/lib/thumb/v7e-m+fp/hard\libc_nano.a(libc_a-findfp.o)
                0x08014598                __sfp_lock_release
 .text.__sinit  0x080145a4       0x30 C:/ST/STM32CubeIDE_1.18.1/STM32CubeIDE/plugins/com.st.stm32cube.ide.mcu.externaltools.gnu-tools-for-stm32.13.3.rel1.win32_1.0.0.202411081344/tools/bin/../lib/gcc/arm-none-eabi/13.3.1/../../../../arm-none-eabi/lib/thumb/v7e-m+fp/hard\libc_nano.a(libc_a-findfp.o)
                0x080145a4                __sinit
 .text._fwalk_sglue
                0x080145d4       0x3c C:/ST/STM32CubeIDE_1.18.1/STM32CubeIDE/plugins/com.st.stm32cube.ide.mcu.externaltools.gnu-tools-for-stm32.13.3.rel1.win32_1.0.0.202411081344/tools/bin/../lib/gcc/arm-none-eabi/13.3.1/../../../../arm-none-eabi/lib/thumb/v7e-m+fp/hard\libc_nano.a(libc_a-fwalk.o)
                0x080145d4                _fwalk_sglue
 .text.printf   0x08014610       0x24 C:/ST/STM32CubeIDE_1.18.1/STM32CubeIDE/plugins/com.st.stm32cube.ide.mcu.externaltools.gnu-tools-for-stm32.13.3.rel1.win32_1.0.0.202411081344/tools/bin/../lib/gcc/arm-none-eabi/13.3.1/../../../../arm-none-eabi/lib/thumb/v7e-m+fp/hard\libc_nano.a(libc_a-printf.o)
                0x08014610                iprintf
                0x08014610                printf
 .text._puts_r  0x08014634       0xaa C:/ST/STM32CubeIDE_1.18.1/STM32CubeIDE/plugins/com.st.stm32cube.ide.mcu.externaltools.gnu-tools-for-stm32.13.3.rel1.win32_1.0.0.202411081344/tools/bin/../lib/gcc/arm-none-eabi/13.3.1/../../../../arm-none-eabi/lib/thumb/v7e-m+fp/hard\libc_nano.a(libc_a-puts.o)
                0x08014634                _puts_r
 *fill*         0x080146de        0x2 
 .text.puts     0x080146e0       0x10 C:/ST/STM32CubeIDE_1.18.1/STM32CubeIDE/plugins/com.st.stm32cube.ide.mcu.externaltools.gnu-tools-for-stm32.13.3.rel1.win32_1.0.0.202411081344/tools/bin/../lib/gcc/arm-none-eabi/13.3.1/../../../../arm-none-eabi/lib/thumb/v7e-m+fp/hard\libc_nano.a(libc_a-puts.o)
                0x080146e0                puts
 .text.sprintf  0x080146f0       0x44 C:/ST/STM32CubeIDE_1.18.1/STM32CubeIDE/plugins/com.st.stm32cube.ide.mcu.externaltools.gnu-tools-for-stm32.13.3.rel1.win32_1.0.0.202411081344/tools/bin/../lib/gcc/arm-none-eabi/13.3.1/../../../../arm-none-eabi/lib/thumb/v7e-m+fp/hard\libc_nano.a(libc_a-sprintf.o)
                0x080146f0                siprintf
                0x080146f0                sprintf
 .text.__sread  0x08014734       0x22 C:/ST/STM32CubeIDE_1.18.1/STM32CubeIDE/plugins/com.st.stm32cube.ide.mcu.externaltools.gnu-tools-for-stm32.13.3.rel1.win32_1.0.0.202411081344/tools/bin/../lib/gcc/arm-none-eabi/13.3.1/../../../../arm-none-eabi/lib/thumb/v7e-m+fp/hard\libc_nano.a(libc_a-stdio.o)
                0x08014734                __sread
 .text.__swrite
                0x08014756       0x38 C:/ST/STM32CubeIDE_1.18.1/STM32CubeIDE/plugins/com.st.stm32cube.ide.mcu.externaltools.gnu-tools-for-stm32.13.3.rel1.win32_1.0.0.202411081344/tools/bin/../lib/gcc/arm-none-eabi/13.3.1/../../../../arm-none-eabi/lib/thumb/v7e-m+fp/hard\libc_nano.a(libc_a-stdio.o)
                0x08014756                __swrite
 .text.__sseek  0x0801478e       0x24 C:/ST/STM32CubeIDE_1.18.1/STM32CubeIDE/plugins/com.st.stm32cube.ide.mcu.externaltools.gnu-tools-for-stm32.13.3.rel1.win32_1.0.0.202411081344/tools/bin/../lib/gcc/arm-none-eabi/13.3.1/../../../../arm-none-eabi/lib/thumb/v7e-m+fp/hard\libc_nano.a(libc_a-stdio.o)
                0x0801478e                __sseek
 .text.__sclose
                0x080147b2        0x8 C:/ST/STM32CubeIDE_1.18.1/STM32CubeIDE/plugins/com.st.stm32cube.ide.mcu.externaltools.gnu-tools-for-stm32.13.3.rel1.win32_1.0.0.202411081344/tools/bin/../lib/gcc/arm-none-eabi/13.3.1/../../../../arm-none-eabi/lib/thumb/v7e-m+fp/hard\libc_nano.a(libc_a-stdio.o)
                0x080147b2                __sclose
 .text.__swbuf_r
                0x080147ba       0x7c C:/ST/STM32CubeIDE_1.18.1/STM32CubeIDE/plugins/com.st.stm32cube.ide.mcu.externaltools.gnu-tools-for-stm32.13.3.rel1.win32_1.0.0.202411081344/tools/bin/../lib/gcc/arm-none-eabi/13.3.1/../../../../arm-none-eabi/lib/thumb/v7e-m+fp/hard\libc_nano.a(libc_a-wbuf.o)
                0x080147ba                __swbuf_r
 *fill*         0x08014836        0x2 
 .text.__swsetup_r
                0x08014838       0xac C:/ST/STM32CubeIDE_1.18.1/STM32CubeIDE/plugins/com.st.stm32cube.ide.mcu.externaltools.gnu-tools-for-stm32.13.3.rel1.win32_1.0.0.202411081344/tools/bin/../lib/gcc/arm-none-eabi/13.3.1/../../../../arm-none-eabi/lib/thumb/v7e-m+fp/hard\libc_nano.a(libc_a-wsetup.o)
                0x08014838                __swsetup_r
 .text.memmove  0x080148e4       0x34 C:/ST/STM32CubeIDE_1.18.1/STM32CubeIDE/plugins/com.st.stm32cube.ide.mcu.externaltools.gnu-tools-for-stm32.13.3.rel1.win32_1.0.0.202411081344/tools/bin/../lib/gcc/arm-none-eabi/13.3.1/../../../../arm-none-eabi/lib/thumb/v7e-m+fp/hard\libc_nano.a(libc_a-memmove.o)
                0x080148e4                memmove
 .text.memset   0x08014918       0x10 C:/ST/STM32CubeIDE_1.18.1/STM32CubeIDE/plugins/com.st.stm32cube.ide.mcu.externaltools.gnu-tools-for-stm32.13.3.rel1.win32_1.0.0.202411081344/tools/bin/../lib/gcc/arm-none-eabi/13.3.1/../../../../arm-none-eabi/lib/thumb/v7e-m+fp/hard\libc_nano.a(libc_a-memset.o)
                0x08014918                memset
 .text._localeconv_r
                0x08014928        0x8 C:/ST/STM32CubeIDE_1.18.1/STM32CubeIDE/plugins/com.st.stm32cube.ide.mcu.externaltools.gnu-tools-for-stm32.13.3.rel1.win32_1.0.0.202411081344/tools/bin/../lib/gcc/arm-none-eabi/13.3.1/../../../../arm-none-eabi/lib/thumb/v7e-m+fp/hard\libc_nano.a(libc_a-localeconv.o)
                0x08014928                _localeconv_r
 .text._close_r
                0x08014930       0x20 C:/ST/STM32CubeIDE_1.18.1/STM32CubeIDE/plugins/com.st.stm32cube.ide.mcu.externaltools.gnu-tools-for-stm32.13.3.rel1.win32_1.0.0.202411081344/tools/bin/../lib/gcc/arm-none-eabi/13.3.1/../../../../arm-none-eabi/lib/thumb/v7e-m+fp/hard\libc_nano.a(libc_a-closer.o)
                0x08014930                _close_r
 .text._lseek_r
                0x08014950       0x24 C:/ST/STM32CubeIDE_1.18.1/STM32CubeIDE/plugins/com.st.stm32cube.ide.mcu.externaltools.gnu-tools-for-stm32.13.3.rel1.win32_1.0.0.202411081344/tools/bin/../lib/gcc/arm-none-eabi/13.3.1/../../../../arm-none-eabi/lib/thumb/v7e-m+fp/hard\libc_nano.a(libc_a-lseekr.o)
                0x08014950                _lseek_r
 .text._read_r  0x08014974       0x24 C:/ST/STM32CubeIDE_1.18.1/STM32CubeIDE/plugins/com.st.stm32cube.ide.mcu.externaltools.gnu-tools-for-stm32.13.3.rel1.win32_1.0.0.202411081344/tools/bin/../lib/gcc/arm-none-eabi/13.3.1/../../../../arm-none-eabi/lib/thumb/v7e-m+fp/hard\libc_nano.a(libc_a-readr.o)
                0x08014974                _read_r
 .text._write_r
                0x08014998       0x24 C:/ST/STM32CubeIDE_1.18.1/STM32CubeIDE/plugins/com.st.stm32cube.ide.mcu.externaltools.gnu-tools-for-stm32.13.3.rel1.win32_1.0.0.202411081344/tools/bin/../lib/gcc/arm-none-eabi/13.3.1/../../../../arm-none-eabi/lib/thumb/v7e-m+fp/hard\libc_nano.a(libc_a-writer.o)
                0x08014998                _write_r
 .text.__errno  0x080149bc        0xc C:/ST/STM32CubeIDE_1.18.1/STM32CubeIDE/plugins/com.st.stm32cube.ide.mcu.externaltools.gnu-tools-for-stm32.13.3.rel1.win32_1.0.0.202411081344/tools/bin/../lib/gcc/arm-none-eabi/13.3.1/../../../../arm-none-eabi/lib/thumb/v7e-m+fp/hard\libc_nano.a(libc_a-errno.o)
                0x080149bc                __errno
 .text.__libc_init_array
                0x080149c8       0x48 C:/ST/STM32CubeIDE_1.18.1/STM32CubeIDE/plugins/com.st.stm32cube.ide.mcu.externaltools.gnu-tools-for-stm32.13.3.rel1.win32_1.0.0.202411081344/tools/bin/../lib/gcc/arm-none-eabi/13.3.1/../../../../arm-none-eabi/lib/thumb/v7e-m+fp/hard\libc_nano.a(libc_a-init.o)
                0x080149c8                __libc_init_array
 .text.__retarget_lock_init_recursive
                0x08014a10        0x2 C:/ST/STM32CubeIDE_1.18.1/STM32CubeIDE/plugins/com.st.stm32cube.ide.mcu.externaltools.gnu-tools-for-stm32.13.3.rel1.win32_1.0.0.202411081344/tools/bin/../lib/gcc/arm-none-eabi/13.3.1/../../../../arm-none-eabi/lib/thumb/v7e-m+fp/hard\libc_nano.a(libc_a-lock.o)
                0x08014a10                __retarget_lock_init_recursive
 .text.__retarget_lock_acquire_recursive
                0x08014a12        0x2 C:/ST/STM32CubeIDE_1.18.1/STM32CubeIDE/plugins/com.st.stm32cube.ide.mcu.externaltools.gnu-tools-for-stm32.13.3.rel1.win32_1.0.0.202411081344/tools/bin/../lib/gcc/arm-none-eabi/13.3.1/../../../../arm-none-eabi/lib/thumb/v7e-m+fp/hard\libc_nano.a(libc_a-lock.o)
                0x08014a12                __retarget_lock_acquire_recursive
 .text.__retarget_lock_release_recursive
                0x08014a14        0x2 C:/ST/STM32CubeIDE_1.18.1/STM32CubeIDE/plugins/com.st.stm32cube.ide.mcu.externaltools.gnu-tools-for-stm32.13.3.rel1.win32_1.0.0.202411081344/tools/bin/../lib/gcc/arm-none-eabi/13.3.1/../../../../arm-none-eabi/lib/thumb/v7e-m+fp/hard\libc_nano.a(libc_a-lock.o)
                0x08014a14                __retarget_lock_release_recursive
 .text.memcpy   0x08014a16       0x1c C:/ST/STM32CubeIDE_1.18.1/STM32CubeIDE/plugins/com.st.stm32cube.ide.mcu.externaltools.gnu-tools-for-stm32.13.3.rel1.win32_1.0.0.202411081344/tools/bin/../lib/gcc/arm-none-eabi/13.3.1/../../../../arm-none-eabi/lib/thumb/v7e-m+fp/hard\libc_nano.a(libc_a-memcpy-stub.o)
                0x08014a16                memcpy
 .text.quorem   0x08014a32      0x110 C:/ST/STM32CubeIDE_1.18.1/STM32CubeIDE/plugins/com.st.stm32cube.ide.mcu.externaltools.gnu-tools-for-stm32.13.3.rel1.win32_1.0.0.202411081344/tools/bin/../lib/gcc/arm-none-eabi/13.3.1/../../../../arm-none-eabi/lib/thumb/v7e-m+fp/hard\libc_nano.a(libc_a-dtoa.o)
 *fill*         0x08014b42        0x6 
 .text._dtoa_r  0x08014b48      0xba0 C:/ST/STM32CubeIDE_1.18.1/STM32CubeIDE/plugins/com.st.stm32cube.ide.mcu.externaltools.gnu-tools-for-stm32.13.3.rel1.win32_1.0.0.202411081344/tools/bin/../lib/gcc/arm-none-eabi/13.3.1/../../../../arm-none-eabi/lib/thumb/v7e-m+fp/hard\libc_nano.a(libc_a-dtoa.o)
                0x08014b48                _dtoa_r
 .text._free_r  0x080156e8       0x94 C:/ST/STM32CubeIDE_1.18.1/STM32CubeIDE/plugins/com.st.stm32cube.ide.mcu.externaltools.gnu-tools-for-stm32.13.3.rel1.win32_1.0.0.202411081344/tools/bin/../lib/gcc/arm-none-eabi/13.3.1/../../../../arm-none-eabi/lib/thumb/v7e-m+fp/hard\libc_nano.a(libc_a-freer.o)
                0x080156e8                _free_r
 .text.malloc   0x0801577c       0x10 C:/ST/STM32CubeIDE_1.18.1/STM32CubeIDE/plugins/com.st.stm32cube.ide.mcu.externaltools.gnu-tools-for-stm32.13.3.rel1.win32_1.0.0.202411081344/tools/bin/../lib/gcc/arm-none-eabi/13.3.1/../../../../arm-none-eabi/lib/thumb/v7e-m+fp/hard\libc_nano.a(libc_a-malloc.o)
                0x0801577c                malloc
 .text.sbrk_aligned
                0x0801578c       0x44 C:/ST/STM32CubeIDE_1.18.1/STM32CubeIDE/plugins/com.st.stm32cube.ide.mcu.externaltools.gnu-tools-for-stm32.13.3.rel1.win32_1.0.0.202411081344/tools/bin/../lib/gcc/arm-none-eabi/13.3.1/../../../../arm-none-eabi/lib/thumb/v7e-m+fp/hard\libc_nano.a(libc_a-mallocr.o)
 .text._malloc_r
                0x080157d0      0x100 C:/ST/STM32CubeIDE_1.18.1/STM32CubeIDE/plugins/com.st.stm32cube.ide.mcu.externaltools.gnu-tools-for-stm32.13.3.rel1.win32_1.0.0.202411081344/tools/bin/../lib/gcc/arm-none-eabi/13.3.1/../../../../arm-none-eabi/lib/thumb/v7e-m+fp/hard\libc_nano.a(libc_a-mallocr.o)
                0x080157d0                _malloc_r
 .text.__malloc_lock
                0x080158d0        0xc C:/ST/STM32CubeIDE_1.18.1/STM32CubeIDE/plugins/com.st.stm32cube.ide.mcu.externaltools.gnu-tools-for-stm32.13.3.rel1.win32_1.0.0.202411081344/tools/bin/../lib/gcc/arm-none-eabi/13.3.1/../../../../arm-none-eabi/lib/thumb/v7e-m+fp/hard\libc_nano.a(libc_a-mlock.o)
                0x080158d0                __malloc_lock
 .text.__malloc_unlock
                0x080158dc        0xc C:/ST/STM32CubeIDE_1.18.1/STM32CubeIDE/plugins/com.st.stm32cube.ide.mcu.externaltools.gnu-tools-for-stm32.13.3.rel1.win32_1.0.0.202411081344/tools/bin/../lib/gcc/arm-none-eabi/13.3.1/../../../../arm-none-eabi/lib/thumb/v7e-m+fp/hard\libc_nano.a(libc_a-mlock.o)
                0x080158dc                __malloc_unlock
 .text._Balloc  0x080158e8       0x80 C:/ST/STM32CubeIDE_1.18.1/STM32CubeIDE/plugins/com.st.stm32cube.ide.mcu.externaltools.gnu-tools-for-stm32.13.3.rel1.win32_1.0.0.202411081344/tools/bin/../lib/gcc/arm-none-eabi/13.3.1/../../../../arm-none-eabi/lib/thumb/v7e-m+fp/hard\libc_nano.a(libc_a-mprec.o)
                0x080158e8                _Balloc
 .text._Bfree   0x08015968       0x44 C:/ST/STM32CubeIDE_1.18.1/STM32CubeIDE/plugins/com.st.stm32cube.ide.mcu.externaltools.gnu-tools-for-stm32.13.3.rel1.win32_1.0.0.202411081344/tools/bin/../lib/gcc/arm-none-eabi/13.3.1/../../../../arm-none-eabi/lib/thumb/v7e-m+fp/hard\libc_nano.a(libc_a-mprec.o)
                0x08015968                _Bfree
 .text.__multadd
                0x080159ac       0x8c C:/ST/STM32CubeIDE_1.18.1/STM32CubeIDE/plugins/com.st.stm32cube.ide.mcu.externaltools.gnu-tools-for-stm32.13.3.rel1.win32_1.0.0.202411081344/tools/bin/../lib/gcc/arm-none-eabi/13.3.1/../../../../arm-none-eabi/lib/thumb/v7e-m+fp/hard\libc_nano.a(libc_a-mprec.o)
                0x080159ac                __multadd
 .text.__hi0bits
                0x08015a38       0x3e C:/ST/STM32CubeIDE_1.18.1/STM32CubeIDE/plugins/com.st.stm32cube.ide.mcu.externaltools.gnu-tools-for-stm32.13.3.rel1.win32_1.0.0.202411081344/tools/bin/../lib/gcc/arm-none-eabi/13.3.1/../../../../arm-none-eabi/lib/thumb/v7e-m+fp/hard\libc_nano.a(libc_a-mprec.o)
                0x08015a38                __hi0bits
 .text.__lo0bits
                0x08015a76       0x5a C:/ST/STM32CubeIDE_1.18.1/STM32CubeIDE/plugins/com.st.stm32cube.ide.mcu.externaltools.gnu-tools-for-stm32.13.3.rel1.win32_1.0.0.202411081344/tools/bin/../lib/gcc/arm-none-eabi/13.3.1/../../../../arm-none-eabi/lib/thumb/v7e-m+fp/hard\libc_nano.a(libc_a-mprec.o)
                0x08015a76                __lo0bits
 .text.__i2b    0x08015ad0       0x2c C:/ST/STM32CubeIDE_1.18.1/STM32CubeIDE/plugins/com.st.stm32cube.ide.mcu.externaltools.gnu-tools-for-stm32.13.3.rel1.win32_1.0.0.202411081344/tools/bin/../lib/gcc/arm-none-eabi/13.3.1/../../../../arm-none-eabi/lib/thumb/v7e-m+fp/hard\libc_nano.a(libc_a-mprec.o)
                0x08015ad0                __i2b
 .text.__multiply
                0x08015afc      0x144 C:/ST/STM32CubeIDE_1.18.1/STM32CubeIDE/plugins/com.st.stm32cube.ide.mcu.externaltools.gnu-tools-for-stm32.13.3.rel1.win32_1.0.0.202411081344/tools/bin/../lib/gcc/arm-none-eabi/13.3.1/../../../../arm-none-eabi/lib/thumb/v7e-m+fp/hard\libc_nano.a(libc_a-mprec.o)
                0x08015afc                __multiply
 .text.__pow5mult
                0x08015c40       0xb4 C:/ST/STM32CubeIDE_1.18.1/STM32CubeIDE/plugins/com.st.stm32cube.ide.mcu.externaltools.gnu-tools-for-stm32.13.3.rel1.win32_1.0.0.202411081344/tools/bin/../lib/gcc/arm-none-eabi/13.3.1/../../../../arm-none-eabi/lib/thumb/v7e-m+fp/hard\libc_nano.a(libc_a-mprec.o)
                0x08015c40                __pow5mult
 .text.__lshift
                0x08015cf4       0xd8 C:/ST/STM32CubeIDE_1.18.1/STM32CubeIDE/plugins/com.st.stm32cube.ide.mcu.externaltools.gnu-tools-for-stm32.13.3.rel1.win32_1.0.0.202411081344/tools/bin/../lib/gcc/arm-none-eabi/13.3.1/../../../../arm-none-eabi/lib/thumb/v7e-m+fp/hard\libc_nano.a(libc_a-mprec.o)
                0x08015cf4                __lshift
 .text.__mcmp   0x08015dcc       0x36 C:/ST/STM32CubeIDE_1.18.1/STM32CubeIDE/plugins/com.st.stm32cube.ide.mcu.externaltools.gnu-tools-for-stm32.13.3.rel1.win32_1.0.0.202411081344/tools/bin/../lib/gcc/arm-none-eabi/13.3.1/../../../../arm-none-eabi/lib/thumb/v7e-m+fp/hard\libc_nano.a(libc_a-mprec.o)
                0x08015dcc                __mcmp
 *fill*         0x08015e02        0x2 
 .text.__mdiff  0x08015e04      0x128 C:/ST/STM32CubeIDE_1.18.1/STM32CubeIDE/plugins/com.st.stm32cube.ide.mcu.externaltools.gnu-tools-for-stm32.13.3.rel1.win32_1.0.0.202411081344/tools/bin/../lib/gcc/arm-none-eabi/13.3.1/../../../../arm-none-eabi/lib/thumb/v7e-m+fp/hard\libc_nano.a(libc_a-mprec.o)
                0x08015e04                __mdiff
 .text.__d2b    0x08015f2c       0xb0 C:/ST/STM32CubeIDE_1.18.1/STM32CubeIDE/plugins/com.st.stm32cube.ide.mcu.externaltools.gnu-tools-for-stm32.13.3.rel1.win32_1.0.0.202411081344/tools/bin/../lib/gcc/arm-none-eabi/13.3.1/../../../../arm-none-eabi/lib/thumb/v7e-m+fp/hard\libc_nano.a(libc_a-mprec.o)
                0x08015f2c                __d2b
 .text.__ssputs_r
                0x08015fdc       0xb6 C:/ST/STM32CubeIDE_1.18.1/STM32CubeIDE/plugins/com.st.stm32cube.ide.mcu.externaltools.gnu-tools-for-stm32.13.3.rel1.win32_1.0.0.202411081344/tools/bin/../lib/gcc/arm-none-eabi/13.3.1/../../../../arm-none-eabi/lib/thumb/v7e-m+fp/hard\libc_nano.a(libc_a-nano-svfprintf.o)
                0x08015fdc                __ssputs_r
 *fill*         0x08016092        0x2 
 .text._svfprintf_r
                0x08016094      0x1f8 C:/ST/STM32CubeIDE_1.18.1/STM32CubeIDE/plugins/com.st.stm32cube.ide.mcu.externaltools.gnu-tools-for-stm32.13.3.rel1.win32_1.0.0.202411081344/tools/bin/../lib/gcc/arm-none-eabi/13.3.1/../../../../arm-none-eabi/lib/thumb/v7e-m+fp/hard\libc_nano.a(libc_a-nano-svfprintf.o)
                0x08016094                _svfiprintf_r
                0x08016094                _svfprintf_r
 .text.__sfputc_r
                0x0801628c       0x2e C:/ST/STM32CubeIDE_1.18.1/STM32CubeIDE/plugins/com.st.stm32cube.ide.mcu.externaltools.gnu-tools-for-stm32.13.3.rel1.win32_1.0.0.202411081344/tools/bin/../lib/gcc/arm-none-eabi/13.3.1/../../../../arm-none-eabi/lib/thumb/v7e-m+fp/hard\libc_nano.a(libc_a-nano-vfprintf.o)
 .text.__sfputs_r
                0x080162ba       0x24 C:/ST/STM32CubeIDE_1.18.1/STM32CubeIDE/plugins/com.st.stm32cube.ide.mcu.externaltools.gnu-tools-for-stm32.13.3.rel1.win32_1.0.0.202411081344/tools/bin/../lib/gcc/arm-none-eabi/13.3.1/../../../../arm-none-eabi/lib/thumb/v7e-m+fp/hard\libc_nano.a(libc_a-nano-vfprintf.o)
                0x080162ba                __sfputs_r
 *fill*         0x080162de        0x2 
 .text._vfprintf_r
                0x080162e0      0x230 C:/ST/STM32CubeIDE_1.18.1/STM32CubeIDE/plugins/com.st.stm32cube.ide.mcu.externaltools.gnu-tools-for-stm32.13.3.rel1.win32_1.0.0.202411081344/tools/bin/../lib/gcc/arm-none-eabi/13.3.1/../../../../arm-none-eabi/lib/thumb/v7e-m+fp/hard\libc_nano.a(libc_a-nano-vfprintf.o)
                0x080162e0                _vfprintf_r
                0x080162e0                _vfiprintf_r
 .text.__sflush_r
                0x08016510      0x108 C:/ST/STM32CubeIDE_1.18.1/STM32CubeIDE/plugins/com.st.stm32cube.ide.mcu.externaltools.gnu-tools-for-stm32.13.3.rel1.win32_1.0.0.202411081344/tools/bin/../lib/gcc/arm-none-eabi/13.3.1/../../../../arm-none-eabi/lib/thumb/v7e-m+fp/hard\libc_nano.a(libc_a-fflush.o)
                0x08016510                __sflush_r
 .text._fflush_r
                0x08016618       0x50 C:/ST/STM32CubeIDE_1.18.1/STM32CubeIDE/plugins/com.st.stm32cube.ide.mcu.externaltools.gnu-tools-for-stm32.13.3.rel1.win32_1.0.0.202411081344/tools/bin/../lib/gcc/arm-none-eabi/13.3.1/../../../../arm-none-eabi/lib/thumb/v7e-m+fp/hard\libc_nano.a(libc_a-fflush.o)
                0x08016618                _fflush_r
 .text.__swhatbuf_r
                0x08016668       0x4c C:/ST/STM32CubeIDE_1.18.1/STM32CubeIDE/plugins/com.st.stm32cube.ide.mcu.externaltools.gnu-tools-for-stm32.13.3.rel1.win32_1.0.0.202411081344/tools/bin/../lib/gcc/arm-none-eabi/13.3.1/../../../../arm-none-eabi/lib/thumb/v7e-m+fp/hard\libc_nano.a(libc_a-makebuf.o)
                0x08016668                __swhatbuf_r
 .text.__smakebuf_r
                0x080166b4       0x78 C:/ST/STM32CubeIDE_1.18.1/STM32CubeIDE/plugins/com.st.stm32cube.ide.mcu.externaltools.gnu-tools-for-stm32.13.3.rel1.win32_1.0.0.202411081344/tools/bin/../lib/gcc/arm-none-eabi/13.3.1/../../../../arm-none-eabi/lib/thumb/v7e-m+fp/hard\libc_nano.a(libc_a-makebuf.o)
                0x080166b4                __smakebuf_r
 .text._fstat_r
                0x0801672c       0x24 C:/ST/STM32CubeIDE_1.18.1/STM32CubeIDE/plugins/com.st.stm32cube.ide.mcu.externaltools.gnu-tools-for-stm32.13.3.rel1.win32_1.0.0.202411081344/tools/bin/../lib/gcc/arm-none-eabi/13.3.1/../../../../arm-none-eabi/lib/thumb/v7e-m+fp/hard\libc_nano.a(libc_a-fstatr.o)
                0x0801672c                _fstat_r
 .text._isatty_r
                0x08016750       0x20 C:/ST/STM32CubeIDE_1.18.1/STM32CubeIDE/plugins/com.st.stm32cube.ide.mcu.externaltools.gnu-tools-for-stm32.13.3.rel1.win32_1.0.0.202411081344/tools/bin/../lib/gcc/arm-none-eabi/13.3.1/../../../../arm-none-eabi/lib/thumb/v7e-m+fp/hard\libc_nano.a(libc_a-isattyr.o)
                0x08016750                _isatty_r
 .text._sbrk_r  0x08016770       0x20 C:/ST/STM32CubeIDE_1.18.1/STM32CubeIDE/plugins/com.st.stm32cube.ide.mcu.externaltools.gnu-tools-for-stm32.13.3.rel1.win32_1.0.0.202411081344/tools/bin/../lib/gcc/arm-none-eabi/13.3.1/../../../../arm-none-eabi/lib/thumb/v7e-m+fp/hard\libc_nano.a(libc_a-sbrkr.o)
                0x08016770                _sbrk_r
 .text.__assert_func
                0x08016790       0x3c C:/ST/STM32CubeIDE_1.18.1/STM32CubeIDE/plugins/com.st.stm32cube.ide.mcu.externaltools.gnu-tools-for-stm32.13.3.rel1.win32_1.0.0.202411081344/tools/bin/../lib/gcc/arm-none-eabi/13.3.1/../../../../arm-none-eabi/lib/thumb/v7e-m+fp/hard\libc_nano.a(libc_a-assert.o)
                0x08016790                __assert_func
 .text._calloc_r
                0x080167cc       0x28 C:/ST/STM32CubeIDE_1.18.1/STM32CubeIDE/plugins/com.st.stm32cube.ide.mcu.externaltools.gnu-tools-for-stm32.13.3.rel1.win32_1.0.0.202411081344/tools/bin/../lib/gcc/arm-none-eabi/13.3.1/../../../../arm-none-eabi/lib/thumb/v7e-m+fp/hard\libc_nano.a(libc_a-callocr.o)
                0x080167cc                _calloc_r
 .text.__ascii_mbtowc
                0x080167f4       0x24 C:/ST/STM32CubeIDE_1.18.1/STM32CubeIDE/plugins/com.st.stm32cube.ide.mcu.externaltools.gnu-tools-for-stm32.13.3.rel1.win32_1.0.0.202411081344/tools/bin/../lib/gcc/arm-none-eabi/13.3.1/../../../../arm-none-eabi/lib/thumb/v7e-m+fp/hard\libc_nano.a(libc_a-mbtowc_r.o)
                0x080167f4                __ascii_mbtowc
 .text._realloc_r
                0x08016818       0x5c C:/ST/STM32CubeIDE_1.18.1/STM32CubeIDE/plugins/com.st.stm32cube.ide.mcu.externaltools.gnu-tools-for-stm32.13.3.rel1.win32_1.0.0.202411081344/tools/bin/../lib/gcc/arm-none-eabi/13.3.1/../../../../arm-none-eabi/lib/thumb/v7e-m+fp/hard\libc_nano.a(libc_a-reallocr.o)
                0x08016818                _realloc_r
 .text.__ascii_wctomb
                0x08016874       0x1a C:/ST/STM32CubeIDE_1.18.1/STM32CubeIDE/plugins/com.st.stm32cube.ide.mcu.externaltools.gnu-tools-for-stm32.13.3.rel1.win32_1.0.0.202411081344/tools/bin/../lib/gcc/arm-none-eabi/13.3.1/../../../../arm-none-eabi/lib/thumb/v7e-m+fp/hard\libc_nano.a(libc_a-wctomb_r.o)
                0x08016874                __ascii_wctomb
 *fill*         0x0801688e        0x2 
 .text.fprintf  0x08016890       0x24 C:/ST/STM32CubeIDE_1.18.1/STM32CubeIDE/plugins/com.st.stm32cube.ide.mcu.externaltools.gnu-tools-for-stm32.13.3.rel1.win32_1.0.0.202411081344/tools/bin/../lib/gcc/arm-none-eabi/13.3.1/../../../../arm-none-eabi/lib/thumb/v7e-m+fp/hard\libc_nano.a(libc_a-fprintf.o)
                0x08016890                fiprintf
                0x08016890                fprintf
 .text.abort    0x080168b4        0xe C:/ST/STM32CubeIDE_1.18.1/STM32CubeIDE/plugins/com.st.stm32cube.ide.mcu.externaltools.gnu-tools-for-stm32.13.3.rel1.win32_1.0.0.202411081344/tools/bin/../lib/gcc/arm-none-eabi/13.3.1/../../../../arm-none-eabi/lib/thumb/v7e-m+fp/hard\libc_nano.a(libc_a-abort.o)
                0x080168b4                abort
 .text._malloc_usable_size_r
                0x080168c2       0x10 C:/ST/STM32CubeIDE_1.18.1/STM32CubeIDE/plugins/com.st.stm32cube.ide.mcu.externaltools.gnu-tools-for-stm32.13.3.rel1.win32_1.0.0.202411081344/tools/bin/../lib/gcc/arm-none-eabi/13.3.1/../../../../arm-none-eabi/lib/thumb/v7e-m+fp/hard\libc_nano.a(libc_a-msizer.o)
                0x080168c2                _malloc_usable_size_r
 .text._raise_r
                0x080168d2       0x50 C:/ST/STM32CubeIDE_1.18.1/STM32CubeIDE/plugins/com.st.stm32cube.ide.mcu.externaltools.gnu-tools-for-stm32.13.3.rel1.win32_1.0.0.202411081344/tools/bin/../lib/gcc/arm-none-eabi/13.3.1/../../../../arm-none-eabi/lib/thumb/v7e-m+fp/hard\libc_nano.a(libc_a-signal.o)
                0x080168d2                _raise_r
 *fill*         0x08016922        0x2 
 .text.raise    0x08016924       0x10 C:/ST/STM32CubeIDE_1.18.1/STM32CubeIDE/plugins/com.st.stm32cube.ide.mcu.externaltools.gnu-tools-for-stm32.13.3.rel1.win32_1.0.0.202411081344/tools/bin/../lib/gcc/arm-none-eabi/13.3.1/../../../../arm-none-eabi/lib/thumb/v7e-m+fp/hard\libc_nano.a(libc_a-signal.o)
                0x08016924                raise
 .text._kill_r  0x08016934       0x24 C:/ST/STM32CubeIDE_1.18.1/STM32CubeIDE/plugins/com.st.stm32cube.ide.mcu.externaltools.gnu-tools-for-stm32.13.3.rel1.win32_1.0.0.202411081344/tools/bin/../lib/gcc/arm-none-eabi/13.3.1/../../../../arm-none-eabi/lib/thumb/v7e-m+fp/hard\libc_nano.a(libc_a-signalr.o)
                0x08016934                _kill_r
 .text._getpid_r
                0x08016958        0x4 C:/ST/STM32CubeIDE_1.18.1/STM32CubeIDE/plugins/com.st.stm32cube.ide.mcu.externaltools.gnu-tools-for-stm32.13.3.rel1.win32_1.0.0.202411081344/tools/bin/../lib/gcc/arm-none-eabi/13.3.1/../../../../arm-none-eabi/lib/thumb/v7e-m+fp/hard\libc_nano.a(libc_a-signalr.o)
                0x08016958                _getpid_r
 .text.sqrtf    0x0801695c       0x3c C:/ST/STM32CubeIDE_1.18.1/STM32CubeIDE/plugins/com.st.stm32cube.ide.mcu.externaltools.gnu-tools-for-stm32.13.3.rel1.win32_1.0.0.202411081344/tools/bin/../lib/gcc/arm-none-eabi/13.3.1/../../../../arm-none-eabi/lib/thumb/v7e-m+fp/hard\libm.a(libm_a-wf_sqrt.o)
                0x0801695c                sqrtf
 .text.__ieee754_sqrtf
                0x08016998        0x6 C:/ST/STM32CubeIDE_1.18.1/STM32CubeIDE/plugins/com.st.stm32cube.ide.mcu.externaltools.gnu-tools-for-stm32.13.3.rel1.win32_1.0.0.202411081344/tools/bin/../lib/gcc/arm-none-eabi/13.3.1/../../../../arm-none-eabi/lib/thumb/v7e-m+fp/hard\libm.a(libm_a-ef_sqrt.o)
                0x08016998                __ieee754_sqrtf
 *(.glue_7)
 .glue_7        0x0801699e        0x0 linker stubs
 *(.glue_7t)
 .glue_7t       0x0801699e        0x0 linker stubs
 *(.eh_frame)
 *fill*         0x0801699e        0x2 
 .eh_frame      0x080169a0        0x0 C:/ST/STM32CubeIDE_1.18.1/STM32CubeIDE/plugins/com.st.stm32cube.ide.mcu.externaltools.gnu-tools-for-stm32.13.3.rel1.win32_1.0.0.202411081344/tools/bin/../lib/gcc/arm-none-eabi/13.3.1/thumb/v7e-m+fp/hard/crtbegin.o
 *(.init)
 .init          0x080169a0        0x4 C:/ST/STM32CubeIDE_1.18.1/STM32CubeIDE/plugins/com.st.stm32cube.ide.mcu.externaltools.gnu-tools-for-stm32.13.3.rel1.win32_1.0.0.202411081344/tools/bin/../lib/gcc/arm-none-eabi/13.3.1/thumb/v7e-m+fp/hard/crti.o
                0x080169a0                _init
 .init          0x080169a4        0x8 C:/ST/STM32CubeIDE_1.18.1/STM32CubeIDE/plugins/com.st.stm32cube.ide.mcu.externaltools.gnu-tools-for-stm32.13.3.rel1.win32_1.0.0.202411081344/tools/bin/../lib/gcc/arm-none-eabi/13.3.1/thumb/v7e-m+fp/hard/crtn.o
 *(.fini)
 .fini          0x080169ac        0x4 C:/ST/STM32CubeIDE_1.18.1/STM32CubeIDE/plugins/com.st.stm32cube.ide.mcu.externaltools.gnu-tools-for-stm32.13.3.rel1.win32_1.0.0.202411081344/tools/bin/../lib/gcc/arm-none-eabi/13.3.1/thumb/v7e-m+fp/hard/crti.o
                0x080169ac                _fini
 .fini          0x080169b0        0x8 C:/ST/STM32CubeIDE_1.18.1/STM32CubeIDE/plugins/com.st.stm32cube.ide.mcu.externaltools.gnu-tools-for-stm32.13.3.rel1.win32_1.0.0.202411081344/tools/bin/../lib/gcc/arm-none-eabi/13.3.1/thumb/v7e-m+fp/hard/crtn.o
                0x080169b8                        . = ALIGN (0x4)
                0x080169b8                        _etext = .

.vfp11_veneer   0x080169b8        0x0
 .vfp11_veneer  0x080169b8        0x0 linker stubs

.v4_bx          0x080169b8        0x0
 .v4_bx         0x080169b8        0x0 linker stubs

.iplt           0x080169b8        0x0
 .iplt          0x080169b8        0x0 C:/ST/STM32CubeIDE_1.18.1/STM32CubeIDE/plugins/com.st.stm32cube.ide.mcu.externaltools.gnu-tools-for-stm32.13.3.rel1.win32_1.0.0.202411081344/tools/bin/../lib/gcc/arm-none-eabi/13.3.1/thumb/v7e-m+fp/hard/crtbegin.o

.rodata         0x080169b8     0x11e4
                0x080169b8                        . = ALIGN (0x4)
 *(.rodata)
 .rodata        0x080169b8      0x5ca ./Core/Src/current_monitor.o
 *fill*         0x08016f82        0x2 
 .rodata        0x08016f84      0x25b ./Core/Src/main.o
 *fill*         0x080171df        0x1 
 .rodata        0x080171e0       0x2a ./USB_DEVICE/App/usbd_desc.o
 *(.rodata*)
 *fill*         0x0801720a        0x2 
 .rodata.Font6x8
                0x0801720c      0x5f0 ./Core/Src/ssd1306_fonts.o
 .rodata.Font_6x8
                0x080177fc        0xc ./Core/Src/ssd1306_fonts.o
                0x080177fc                Font_6x8
 .rodata.AHBPrescTable
                0x08017808       0x10 ./Core/Src/system_stm32f4xx.o
                0x08017808                AHBPrescTable
 .rodata.APBPrescTable
                0x08017818        0x8 ./Core/Src/system_stm32f4xx.o
                0x08017818                APBPrescTable
 .rodata.flagBitshiftOffset.0
                0x08017820        0x8 ./Drivers/STM32F4xx_HAL_Driver/Src/stm32f4xx_hal_dma.o
 .rodata._printf_float.str1.1
                0x08017828      0x171 C:/ST/STM32CubeIDE_1.18.1/STM32CubeIDE/plugins/com.st.stm32cube.ide.mcu.externaltools.gnu-tools-for-stm32.13.3.rel1.win32_1.0.0.202411081344/tools/bin/../lib/gcc/arm-none-eabi/13.3.1/../../../../arm-none-eabi/lib/thumb/v7e-m+fp/hard\libc_nano.a(libc_a-nano-vfprintf_float.o)
                                 0x12 (size before relaxing)
 .rodata._printf_i.str1.1